<html>
<body>
<pre>
<h1>킮ision Build Log</h1>
<h2>Tool Versions:</h2>
IDE-Version: μVision V5.17.0.0
Copyright (C) 2015 ARM Ltd and ARM Germany GmbH. All rights reserved.
License Information: sungil Microsoft, Microsoft, LIC=5859U-SF11Y-2YJV0-BEHCT-5QI6X-VG0UK
 
Tool Versions:
Toolchain:       MDK-ARM Standard  Version: 5.17
Toolchain Path:  C:\Keil_v5\ARM\ARMCC\Bin
C Compiler:      Armcc.exe V5.06 update 1 (build 61)
Assembler:       Armasm.exe V5.06 update 1 (build 61)
Linker/Locator:  ArmLink.exe V5.06 update 1 (build 61)
Library Manager: ArmAr.exe V5.06 update 1 (build 61)
Hex Converter:   FromElf.exe V5.06 update 1 (build 61)
CPU DLL:         SARMCM3.DLL V5.17
Dialog DLL:      DCM.DLL V1.13.4.0
Target DLL:      STLink\ST-LINKIII-KEIL_SWO.dll V2.0.18.0
Dialog DLL:      TCM.DLL V1.14.6.0
 
<h2>Project:</h2>
E:\R\All files\펌웨어관련\(주)아람솔루션\이성일_프로젝트\내가 진행중인 것\최종소스\TrafficLight\TrafficLight.uvprojx
Project File Date:  01/09/2017

<h2>Output:</h2>
*** Using Compiler 'V5.06 update 1 (build 61)', folder: 'C:\Keil_v5\ARM\ARMCC\Bin'
Build target 'Trafficlights'
compiling delay.c...
.\include\setting.h(37): warning:  #1-D: last line of file ends without a newline
  	
source\delay.c: 1 warning, 0 errors
compiling interrupt.c...
.\include\setting.h(37): warning:  #1-D: last line of file ends without a newline
  	
source\interrupt.c: 1 warning, 0 errors
compiling main.c...
.\include\setting.h(37): warning:  #1-D: last line of file ends without a newline
  	
.\include\THtable.h(3931): warning:  #1-D: last line of file ends without a newline
  #endif
source\main.c(54): warning:  #177-D: variable "test2" was declared but never referenced
  	uint16_t test2;
source\main.c(315): warning:  #1-D: last line of file ends without a newline
  }
source\main.c: 4 warnings, 0 errors
compiling button.c...
.\include\setting.h(37): warning:  #1-D: last line of file ends without a newline
  	
source\button.c: 1 warning, 0 errors
compiling setting.c...
.\include\setting.h(37): warning:  #1-D: last line of file ends without a newline
  	
source\setting.c: 1 warning, 0 errors
compiling melody.c...
.\include\setting.h(37): warning:  #1-D: last line of file ends without a newline
  	
source\melody.c: 1 warning, 0 errors
compiling misc.c...
.\include\setting.h(37): warning:  #1-D: last line of file ends without a newline
  	
C:\Keil_v5\ARM\PACK\Keil\STM32F1xx_DFP\2.2.0\Device\StdPeriph_Driver\src\misc.c: 1 warning, 0 errors
compiling stm32f10x_adc.c...
.\include\setting.h(37): warning:  #1-D: last line of file ends without a newline
  	
C:\Keil_v5\ARM\PACK\Keil\STM32F1xx_DFP\2.2.0\Device\StdPeriph_Driver\src\stm32f10x_adc.c: 1 warning, 0 errors
compiling stm32f10x_dma.c...
.\include\setting.h(37): warning:  #1-D: last line of file ends without a newline
  	
C:\Keil_v5\ARM\PACK\Keil\STM32F1xx_DFP\2.2.0\Device\StdPeriph_Driver\src\stm32f10x_dma.c: 1 warning, 0 errors
compiling stm32f10x_exti.c...
.\include\setting.h(37): warning:  #1-D: last line of file ends without a newline
  	
C:\Keil_v5\ARM\PACK\Keil\STM32F1xx_DFP\2.2.0\Device\StdPeriph_Driver\src\stm32f10x_exti.c: 1 warning, 0 errors
compiling stm32f10x_gpio.c...
.\include\setting.h(37): warning:  #1-D: last line of file ends without a newline
  	
C:\Keil_v5\ARM\PACK\Keil\STM32F1xx_DFP\2.2.0\Device\StdPeriph_Driver\src\stm32f10x_gpio.c: 1 warning, 0 errors
compiling stm32f10x_rcc.c...
.\include\setting.h(37): warning:  #1-D: last line of file ends without a newline
  	
C:\Keil_v5\ARM\PACK\Keil\STM32F1xx_DFP\2.2.0\Device\StdPeriph_Driver\src\stm32f10x_rcc.c: 1 warning, 0 errors
assembling startup_stm32f10x_md.s...
compiling stm32f10x_usart.c...
.\include\setting.h(37): warning:  #1-D: last line of file ends without a newline
  	
C:\Keil_v5\ARM\PACK\Keil\STM32F1xx_DFP\2.2.0\Device\StdPeriph_Driver\src\stm32f10x_usart.c: 1 warning, 0 errors
compiling stm32f10x_tim.c...
.\include\setting.h(37): warning:  #1-D: last line of file ends without a newline
  	
C:\Keil_v5\ARM\PACK\Keil\STM32F1xx_DFP\2.2.0\Device\StdPeriph_Driver\src\stm32f10x_tim.c: 1 warning, 0 errors
compiling system_stm32f10x.c...
.\include\setting.h(37): warning:  #1-D: last line of file ends without a newline
  	
RTE\Device\STM32F103CB\system_stm32f10x.c: 1 warning, 0 errors
linking...
Program Size: Code=15860 RO-data=492 RW-data=4612 ZI-data=1916  
".\Objects\testtestetst.axf" - 0 Error(s), 18 Warning(s).

<h2>Software Packages used:</h2>

Package Vendor: ARM
                http://www.keil.com/pack/ARM.CMSIS.4.5.0.pack
                ARM::CMSIS:CORE:4.3.0
                CMSIS (Cortex Microcontroller Software Interface Standard)
   * Component: CORE Version: 4.3.0

Package Vendor: Keil
                http://www.keil.com/pack/Keil.STM32F1xx_DFP.2.2.0.pack
                Keil::Device:Startup:1.0.0
                STMicroelectronics STM32F1 Series Device Support, Drivers and Examples
   * Component: Startup Version: 1.0.0
   * Component: Framework Version: 3.5.1
   * Component: ADC Version: 3.5.0
   * Component: DMA Version: 3.5.0
   * Component: EXTI Version: 3.5.0
   * Component: GPIO Version: 3.5.0
   * Component: RCC Version: 3.5.0
   * Component: TIM Version: 3.5.0
   * Component: USART Version: 3.5.0

<h2>Collection of Component include folders:</h2>
  E:\R\All files\펌웨어관련\(주)아람솔루션\이성일_프로젝트\내가 진행중인 것\최종소스\TrafficLight\RTE
  E:\R\All files\펌웨어관련\(주)아람솔루션\이성일_프로젝트\내가 진행중인 것\최종소스\TrafficLight\RTE\Device\STM32F103CB
  C:\Keil_v5\ARM\PACK\ARM\CMSIS\4.5.0\CMSIS\Include
  C:\Keil_v5\ARM\PACK\Keil\STM32F1xx_DFP\2.2.0\Device\Include
  C:\Keil_v5\ARM\PACK\Keil\STM32F1xx_DFP\2.2.0\Device\StdPeriph_Driver\inc

<h2>Collection of Component Files used:</h2>

   * Component: ARM::CMSIS:CORE:4.3.0

   * Component: Keil::Device:Startup:1.0.0
      Source file:   Device\Source\ARM\STM32F1xx_OPT.s
      Source file:   Device\Source\ARM\startup_stm32f10x_md.s
      Source file:   Device\Source\system_stm32f10x.c
      Include file:  RTE_Driver\Config\RTE_Device.h

   * Component: Keil::Device:StdPeriph Drivers:Framework:3.5.1
      Include file:  Device\StdPeriph_Driver\inc\misc.h
      Source file:   Device\StdPeriph_Driver\src\misc.c
      Source file:   Device\StdPeriph_Driver\templates\stm32f10x_conf.h
      Include file:  Device\StdPeriph_Driver\templates\stm32f10x_it.h
      Source file:   Device\StdPeriph_Driver\templates\stm32f10x_it.c

   * Component: Keil::Device:StdPeriph Drivers:ADC:3.5.0
      Include file:  Device\StdPeriph_Driver\inc\stm32f10x_adc.h
      Source file:   Device\StdPeriph_Driver\src\stm32f10x_adc.c

   * Component: Keil::Device:StdPeriph Drivers:DMA:3.5.0
      Include file:  Device\StdPeriph_Driver\inc\stm32f10x_dma.h
      Source file:   Device\StdPeriph_Driver\src\stm32f10x_dma.c

   * Component: Keil::Device:StdPeriph Drivers:EXTI:3.5.0
      Include file:  Device\StdPeriph_Driver\inc\stm32f10x_exti.h
      Source file:   Device\StdPeriph_Driver\src\stm32f10x_exti.c

   * Component: Keil::Device:StdPeriph Drivers:GPIO:3.5.0
      Include file:  Device\StdPeriph_Driver\inc\stm32f10x_gpio.h
      Source file:   Device\StdPeriph_Driver\src\stm32f10x_gpio.c

   * Component: Keil::Device:StdPeriph Drivers:RCC:3.5.0
      Include file:  Device\StdPeriph_Driver\inc\stm32f10x_rcc.h
      Source file:   Device\StdPeriph_Driver\src\stm32f10x_rcc.c

   * Component: Keil::Device:StdPeriph Drivers:TIM:3.5.0
      Include file:  Device\StdPeriph_Driver\inc\stm32f10x_tim.h
      Source file:   Device\StdPeriph_Driver\src\stm32f10x_tim.c

   * Component: Keil::Device:StdPeriph Drivers:USART:3.5.0
      Include file:  Device\StdPeriph_Driver\inc\stm32f10x_usart.h
      Source file:   Device\StdPeriph_Driver\src\stm32f10x_usart.c
Build Time Elapsed:  00:00:08
</pre>
</body>
</html>
