Component: ARM Compiler 5.06 update 1 (build 61) Tool: armlink [4d35a8]

==============================================================================

Section Cross References

    delay.o(i.delay_ms) refers to delay.o(i.delay_us) for delay_us
    delay.o(i.delay_s) refers to main.o(.data) for delay_stime
    delay.o(i.delay_s) refers to interrupt.o(.data) for Break
    main.o(.rev16_text) refers (Special) to use_no_semi.o(.text) for __use_no_semihosting_swi
    main.o(.revsh_text) refers (Special) to use_no_semi.o(.text) for __use_no_semihosting_swi
    main.o(.rrx_text) refers (Special) to use_no_semi.o(.text) for __use_no_semihosting_swi
    main.o(i._sys_exit) refers (Special) to use_no_semi.o(.text) for __use_no_semihosting_swi
    main.o(i._ttywrch) refers (Special) to use_no_semi.o(.text) for __use_no_semihosting_swi
    main.o(i._ttywrch) refers to stm32f10x_usart.o(i.USART_GetFlagStatus) for USART_GetFlagStatus
    main.o(i._ttywrch) refers to stm32f10x_usart.o(i.USART_SendData) for USART_SendData
    main.o(i.ferror) refers (Special) to use_no_semi.o(.text) for __use_no_semihosting_swi
    main.o(i.fgetc) refers (Special) to use_no_semi.o(.text) for __use_no_semihosting_swi
    main.o(i.fgetc) refers to stm32f10x_usart.o(i.USART_GetFlagStatus) for USART_GetFlagStatus
    main.o(i.fgetc) refers to stm32f10x_usart.o(i.USART_ReceiveData) for USART_ReceiveData
    main.o(i.fputc) refers (Special) to use_no_semi.o(.text) for __use_no_semihosting_swi
    main.o(i.fputc) refers to stm32f10x_usart.o(i.USART_GetFlagStatus) for USART_GetFlagStatus
    main.o(i.fputc) refers to stm32f10x_usart.o(i.USART_SendData) for USART_SendData
    main.o(i.main) refers (Special) to use_no_semi.o(.text) for __use_no_semihosting_swi
    main.o(i.main) refers to _printf_percent.o(.ARM.Collect$$_printf_percent$$00000000) for _printf_percent
    main.o(i.main) refers to _printf_d.o(.ARM.Collect$$_printf_percent$$00000009) for _printf_d
    main.o(i.main) refers to _printf_s.o(.ARM.Collect$$_printf_percent$$00000014) for _printf_s
    main.o(i.main) refers to _printf_dec.o(.text) for _printf_int_dec
    main.o(i.main) refers to _printf_str.o(.text) for _printf_str
    main.o(i.main) refers to setting.o(i.Setting) for Setting
    main.o(i.main) refers to misc.o(i.SysTick_CLKSourceConfig) for SysTick_CLKSourceConfig
    main.o(i.main) refers to stm32f10x_rcc.o(i.RCC_GetClocksFreq) for RCC_GetClocksFreq
    main.o(i.main) refers to noretval__2printf.o(.text) for __2printf
    main.o(i.main) refers to melody.o(i.MelodyStart) for MelodyStart
    main.o(i.main) refers to delay.o(i.delay_ms) for delay_ms
    main.o(i.main) refers to stm32f10x_gpio.o(i.GPIO_ResetBits) for GPIO_ResetBits
    main.o(i.main) refers to stm32f10x_gpio.o(i.GPIO_SetBits) for GPIO_SetBits
    main.o(i.main) refers to button.o(i.Button_Action) for Button_Action
    main.o(i.main) refers to delay.o(i.delay_s) for delay_s
    main.o(i.main) refers to dflt_clz.o(x$fpl$dfltu) for __aeabi_ui2d
    main.o(i.main) refers to dmul.o(x$fpl$dmul) for __aeabi_dmul
    main.o(i.main) refers to ddiv.o(x$fpl$ddiv) for __aeabi_ddiv
    main.o(i.main) refers to daddsub_clz.o(x$fpl$dsub) for __aeabi_dsub
    main.o(i.main) refers to log10.o(i.log10) for log10
    main.o(i.main) refers to daddsub_clz.o(x$fpl$drsb) for __aeabi_drsub
    main.o(i.main) refers to pow.o(i.pow) for pow
    main.o(i.main) refers to dfixu.o(x$fpl$dfixu) for __aeabi_d2uiz
    main.o(i.main) refers to main.o(.constdata) for __FUNCTION__
    main.o(i.main) refers to main.o(.data) for FND_array
    main.o(i.main) refers to button.o(.data) for button
    main.o(i.main) refers to interrupt.o(.data) for Break
    main.o(i.main) refers to setting.o(.bss) for ADCConvertedValue
    main.o(i.main) refers to main.o(.bss) for a
    main.o(.bss) refers (Special) to use_no_semi.o(.text) for __use_no_semihosting_swi
    main.o(.constdata) refers (Special) to use_no_semi.o(.text) for __use_no_semihosting_swi
    main.o(.data) refers (Special) to use_no_semi.o(.text) for __use_no_semihosting_swi
    interrupt.o(i.EXTI15_10_IRQHandler) refers to stm32f10x_exti.o(i.EXTI_GetITStatus) for EXTI_GetITStatus
    interrupt.o(i.EXTI15_10_IRQHandler) refers to stm32f10x_exti.o(i.EXTI_ClearITPendingBit) for EXTI_ClearITPendingBit
    interrupt.o(i.EXTI15_10_IRQHandler) refers to button.o(.data) for bAction
    interrupt.o(i.EXTI15_10_IRQHandler) refers to main.o(.data) for button_time2
    interrupt.o(i.EXTI15_10_IRQHandler) refers to interrupt.o(.data) for Break
    interrupt.o(i.SysTick_Handler) refers to interrupt.o(.data) for z
    interrupt.o(i.SysTick_Handler) refers to main.o(.data) for delay_stime
    interrupt.o(i.TIM2_IRQHandler) refers to stm32f10x_tim.o(i.TIM_GetITStatus) for TIM_GetITStatus
    interrupt.o(i.TIM2_IRQHandler) refers to melody.o(i.Buzzer_sound) for Buzzer_sound
    interrupt.o(i.TIM2_IRQHandler) refers to melody.o(i.MelodyOff) for MelodyOff
[...]
    ../fplib/daddsub.s                       0x00000000   Number         0  daddsub_clz.o ABSOLUTE
    ../fplib/dcheck1.s                       0x00000000   Number         0  dcheck1.o ABSOLUTE
    ../fplib/dcmpi.s                         0x00000000   Number         0  dcmpi.o ABSOLUTE
    ../fplib/ddiv.s                          0x00000000   Number         0  ddiv.o ABSOLUTE
    ../fplib/deqf.s                          0x00000000   Number         0  deqf.o ABSOLUTE
    ../fplib/dfixu.s                         0x00000000   Number         0  dfixu.o ABSOLUTE
    ../fplib/dflt.s                          0x00000000   Number         0  dflt_clz.o ABSOLUTE
    ../fplib/dleqf.s                         0x00000000   Number         0  dleqf.o ABSOLUTE
    ../fplib/dmul.s                          0x00000000   Number         0  dmul.o ABSOLUTE
    ../fplib/dnaninf.s                       0x00000000   Number         0  dnaninf.o ABSOLUTE
    ../fplib/dretinf.s                       0x00000000   Number         0  dretinf.o ABSOLUTE
    ../fplib/drleqf.s                        0x00000000   Number         0  drleqf.o ABSOLUTE
    ../fplib/dsqrt.s                         0x00000000   Number         0  dsqrt_noumaal.o ABSOLUTE
    ../fplib/fpinit.s                        0x00000000   Number         0  fpinit.o ABSOLUTE
    ../fplib/retnan.s                        0x00000000   Number         0  retnan.o ABSOLUTE
    ../fplib/scalbn.s                        0x00000000   Number         0  scalbn.o ABSOLUTE
    ../fplib/trapv.s                         0x00000000   Number         0  trapv.o ABSOLUTE
    ../fplib/usenofp.s                       0x00000000   Number         0  usenofp.o ABSOLUTE
    ../mathlib/dunder.c                      0x00000000   Number         0  dunder.o ABSOLUTE
    ../mathlib/fpclassify.c                  0x00000000   Number         0  fpclassify.o ABSOLUTE
    ../mathlib/log.c                         0x00000000   Number         0  log_x.o ABSOLUTE
    ../mathlib/log.c                         0x00000000   Number         0  log.o ABSOLUTE
    ../mathlib/log10.c                       0x00000000   Number         0  log10_x.o ABSOLUTE
    ../mathlib/log10.c                       0x00000000   Number         0  log10.o ABSOLUTE
    ../mathlib/poly.c                        0x00000000   Number         0  poly.o ABSOLUTE
    ../mathlib/pow.c                         0x00000000   Number         0  pow.o ABSOLUTE
    ../mathlib/pow.c                         0x00000000   Number         0  pow_x.o ABSOLUTE
    ../mathlib/qnan.c                        0x00000000   Number         0  qnan.o ABSOLUTE
    ../mathlib/sqrt.c                        0x00000000   Number         0  sqrt_x.o ABSOLUTE
    ../mathlib/sqrt.c                        0x00000000   Number         0  sqrt.o ABSOLUTE
    C:\Keil_v5\ARM\PACK\Keil\STM32F1xx_DFP\2.2.0\Device\StdPeriph_Driver\src\misc.c 0x00000000   Number         0  misc.o ABSOLUTE
    C:\Keil_v5\ARM\PACK\Keil\STM32F1xx_DFP\2.2.0\Device\StdPeriph_Driver\src\stm32f10x_adc.c 0x00000000   Number         0  stm32f10x_adc.o ABSOLUTE
    C:\Keil_v5\ARM\PACK\Keil\STM32F1xx_DFP\2.2.0\Device\StdPeriph_Driver\src\stm32f10x_dma.c 0x00000000   Number         0  stm32f10x_dma.o ABSOLUTE
    C:\Keil_v5\ARM\PACK\Keil\STM32F1xx_DFP\2.2.0\Device\StdPeriph_Driver\src\stm32f10x_exti.c 0x00000000   Number         0  stm32f10x_exti.o ABSOLUTE
    C:\Keil_v5\ARM\PACK\Keil\STM32F1xx_DFP\2.2.0\Device\StdPeriph_Driver\src\stm32f10x_gpio.c 0x00000000   Number         0  stm32f10x_gpio.o ABSOLUTE
    C:\Keil_v5\ARM\PACK\Keil\STM32F1xx_DFP\2.2.0\Device\StdPeriph_Driver\src\stm32f10x_rcc.c 0x00000000   Number         0  stm32f10x_rcc.o ABSOLUTE
    C:\Keil_v5\ARM\PACK\Keil\STM32F1xx_DFP\2.2.0\Device\StdPeriph_Driver\src\stm32f10x_tim.c 0x00000000   Number         0  stm32f10x_tim.o ABSOLUTE
    C:\Keil_v5\ARM\PACK\Keil\STM32F1xx_DFP\2.2.0\Device\StdPeriph_Driver\src\stm32f10x_usart.c 0x00000000   Number         0  stm32f10x_usart.o ABSOLUTE
    C:\\Keil_v5\\ARM\\PACK\\Keil\\STM32F1xx_DFP\\2.2.0\\Device\\StdPeriph_Driver\\src\\misc.c 0x00000000   Number         0  misc.o ABSOLUTE
    C:\\Keil_v5\\ARM\\PACK\\Keil\\STM32F1xx_DFP\\2.2.0\\Device\\StdPeriph_Driver\\src\\stm32f10x_adc.c 0x00000000   Number         0  stm32f10x_adc.o ABSOLUTE
    C:\\Keil_v5\\ARM\\PACK\\Keil\\STM32F1xx_DFP\\2.2.0\\Device\\StdPeriph_Driver\\src\\stm32f10x_dma.c 0x00000000   Number         0  stm32f10x_dma.o ABSOLUTE
    C:\\Keil_v5\\ARM\\PACK\\Keil\\STM32F1xx_DFP\\2.2.0\\Device\\StdPeriph_Driver\\src\\stm32f10x_exti.c 0x00000000   Number         0  stm32f10x_exti.o ABSOLUTE
    C:\\Keil_v5\\ARM\\PACK\\Keil\\STM32F1xx_DFP\\2.2.0\\Device\\StdPeriph_Driver\\src\\stm32f10x_gpio.c 0x00000000   Number         0  stm32f10x_gpio.o ABSOLUTE
    C:\\Keil_v5\\ARM\\PACK\\Keil\\STM32F1xx_DFP\\2.2.0\\Device\\StdPeriph_Driver\\src\\stm32f10x_rcc.c 0x00000000   Number         0  stm32f10x_rcc.o ABSOLUTE
    C:\\Keil_v5\\ARM\\PACK\\Keil\\STM32F1xx_DFP\\2.2.0\\Device\\StdPeriph_Driver\\src\\stm32f10x_tim.c 0x00000000   Number         0  stm32f10x_tim.o ABSOLUTE
    C:\\Keil_v5\\ARM\\PACK\\Keil\\STM32F1xx_DFP\\2.2.0\\Device\\StdPeriph_Driver\\src\\stm32f10x_usart.c 0x00000000   Number         0  stm32f10x_usart.o ABSOLUTE
    RTE\Device\STM32F103CB\startup_stm32f10x_md.s 0x00000000   Number         0  startup_stm32f10x_md.o ABSOLUTE
    RTE\Device\STM32F103CB\system_stm32f10x.c 0x00000000   Number         0  system_stm32f10x.o ABSOLUTE
    RTE\\Device\\STM32F103CB\\system_stm32f10x.c 0x00000000   Number         0  system_stm32f10x.o ABSOLUTE
    dc.s                                     0x00000000   Number         0  dc.o ABSOLUTE
    source\\button.c                         0x00000000   Number         0  button.o ABSOLUTE
    source\\delay.c                          0x00000000   Number         0  delay.o ABSOLUTE
    source\\interrupt.c                      0x00000000   Number         0  interrupt.o ABSOLUTE
    source\\main.c                           0x00000000   Number         0  main.o ABSOLUTE
    source\\melody.c                         0x00000000   Number         0  melody.o ABSOLUTE
    source\\setting.c                        0x00000000   Number         0  setting.o ABSOLUTE
    source\button.c                          0x00000000   Number         0  button.o ABSOLUTE
    source\delay.c                           0x00000000   Number         0  delay.o ABSOLUTE
    source\interrupt.c                       0x00000000   Number         0  interrupt.o ABSOLUTE
    source\main.c                            0x00000000   Number         0  main.o ABSOLUTE
    source\melody.c                          0x00000000   Number         0  melody.o ABSOLUTE
    source\setting.c                         0x00000000   Number         0  setting.o ABSOLUTE
    RESET                                    0x08000000   Section      236  startup_stm32f10x_md.o(RESET)
    !!!main                                  0x080000ec   Section        8  __main.o(!!!main)
    !!!scatter                               0x080000f4   Section       52  __scatter.o(!!!scatter)
    !!dclz77c                                0x08000128   Section      100  __dclz77c.o(!!dclz77c)
    !!handler_zi                             0x0800018c   Section       28  __scatter_zi.o(!!handler_zi)
    .ARM.Collect$$_printf_percent$$00000000  0x080001a8   Section        0  _printf_percent.o(.ARM.Collect$$_printf_percent$$00000000)
    .ARM.Collect$$_printf_percent$$00000009  0x080001a8   Section        6  _printf_d.o(.ARM.Collect$$_printf_percent$$00000009)
    .ARM.Collect$$_printf_percent$$00000014  0x080001ae   Section        6  _printf_s.o(.ARM.Collect$$_printf_percent$$00000014)
    .ARM.Collect$$_printf_percent$$00000017  0x080001b4   Section        4  _printf_percent_end.o(.ARM.Collect$$_printf_percent$$00000017)
    .ARM.Collect$$libinit$$00000000          0x080001b8   Section        2  libinit.o(.ARM.Collect$$libinit$$00000000)
    .ARM.Collect$$libinit$$00000002          0x080001ba   Section        0  libinit2.o(.ARM.Collect$$libinit$$00000002)
    .ARM.Collect$$libinit$$00000004          0x080001ba   Section        0  libinit2.o(.ARM.Collect$$libinit$$00000004)
    .ARM.Collect$$libinit$$0000000A          0x080001ba   Section        0  libinit2.o(.ARM.Collect$$libinit$$0000000A)
    .ARM.Collect$$libinit$$0000000C          0x080001ba   Section        0  libinit2.o(.ARM.Collect$$libinit$$0000000C)
    .ARM.Collect$$libinit$$0000000E          0x080001ba   Section        0  libinit2.o(.ARM.Collect$$libinit$$0000000E)
    .ARM.Collect$$libinit$$00000011          0x080001ba   Section        0  libinit2.o(.ARM.Collect$$libinit$$00000011)
    .ARM.Collect$$libinit$$00000013          0x080001ba   Section        0  libinit2.o(.ARM.Collect$$libinit$$00000013)
    .ARM.Collect$$libinit$$00000015          0x080001ba   Section        0  libinit2.o(.ARM.Collect$$libinit$$00000015)
    .ARM.Collect$$libinit$$00000017          0x080001ba   Section        0  libinit2.o(.ARM.Collect$$libinit$$00000017)
    .ARM.Collect$$libinit$$00000019          0x080001ba   Section        0  libinit2.o(.ARM.Collect$$libinit$$00000019)
    .ARM.Collect$$libinit$$0000001B          0x080001ba   Section        0  libinit2.o(.ARM.Collect$$libinit$$0000001B)
    .ARM.Collect$$libinit$$0000001D          0x080001ba   Section        0  libinit2.o(.ARM.Collect$$libinit$$0000001D)
    .ARM.Collect$$libinit$$0000001F          0x080001ba   Section        0  libinit2.o(.ARM.Collect$$libinit$$0000001F)
    .ARM.Collect$$libinit$$00000021          0x080001ba   Section        0  libinit2.o(.ARM.Collect$$libinit$$00000021)
    .ARM.Collect$$libinit$$00000023          0x080001ba   Section        0  libinit2.o(.ARM.Collect$$libinit$$00000023)
    .ARM.Collect$$libinit$$00000025          0x080001ba   Section        0  libinit2.o(.ARM.Collect$$libinit$$00000025)
    .ARM.Collect$$libinit$$0000002C          0x080001ba   Section        0  libinit2.o(.ARM.Collect$$libinit$$0000002C)
    .ARM.Collect$$libinit$$0000002E          0x080001ba   Section        0  libinit2.o(.ARM.Collect$$libinit$$0000002E)
    .ARM.Collect$$libinit$$00000030          0x080001ba   Section        0  libinit2.o(.ARM.Collect$$libinit$$00000030)
    .ARM.Collect$$libinit$$00000032          0x080001ba   Section        0  libinit2.o(.ARM.Collect$$libinit$$00000032)
    .ARM.Collect$$libinit$$00000033          0x080001ba   Section        2  libinit2.o(.ARM.Collect$$libinit$$00000033)
    .ARM.Collect$$libshutdown$$00000000      0x080001bc   Section        2  libshutdown.o(.ARM.Collect$$libshutdown$$00000000)
    .ARM.Collect$$libshutdown$$00000002      0x080001be   Section        0  libshutdown2.o(.ARM.Collect$$libshutdown$$00000002)
    .ARM.Collect$$libshutdown$$00000004      0x080001be   Section        0  libshutdown2.o(.ARM.Collect$$libshutdown$$00000004)
    .ARM.Collect$$libshutdown$$00000007      0x080001be   Section        0  libshutdown2.o(.ARM.Collect$$libshutdown$$00000007)
    .ARM.Collect$$libshutdown$$0000000A      0x080001be   Section        0  libshutdown2.o(.ARM.Collect$$libshutdown$$0000000A)
    .ARM.Collect$$libshutdown$$0000000C      0x080001be   Section        0  libshutdown2.o(.ARM.Collect$$libshutdown$$0000000C)
    .ARM.Collect$$libshutdown$$0000000F      0x080001be   Section        0  libshutdown2.o(.ARM.Collect$$libshutdown$$0000000F)
    .ARM.Collect$$libshutdown$$00000010      0x080001be   Section        2  libshutdown2.o(.ARM.Collect$$libshutdown$$00000010)
    .ARM.Collect$$rtentry$$00000000          0x080001c0   Section        0  __rtentry.o(.ARM.Collect$$rtentry$$00000000)
    .ARM.Collect$$rtentry$$00000002          0x080001c0   Section        0  __rtentry2.o(.ARM.Collect$$rtentry$$00000002)
    .ARM.Collect$$rtentry$$00000004          0x080001c0   Section        6  __rtentry4.o(.ARM.Collect$$rtentry$$00000004)
    .ARM.Collect$$rtentry$$00000009          0x080001c6   Section        0  __rtentry2.o(.ARM.Collect$$rtentry$$00000009)
    .ARM.Collect$$rtentry$$0000000A          0x080001c6   Section        4  __rtentry2.o(.ARM.Collect$$rtentry$$0000000A)
    .ARM.Collect$$rtentry$$0000000C          0x080001ca   Section        0  __rtentry2.o(.ARM.Collect$$rtentry$$0000000C)
    .ARM.Collect$$rtentry$$0000000D          0x080001ca   Section        8  __rtentry2.o(.ARM.Collect$$rtentry$$0000000D)
    .ARM.Collect$$rtexit$$00000000           0x080001d2   Section        2  rtexit.o(.ARM.Collect$$rtexit$$00000000)
    .ARM.Collect$$rtexit$$00000002           0x080001d4   Section        0  rtexit2.o(.ARM.Collect$$rtexit$$00000002)
    .ARM.Collect$$rtexit$$00000003           0x080001d4   Section        4  rtexit2.o(.ARM.Collect$$rtexit$$00000003)
    .ARM.Collect$$rtexit$$00000004           0x080001d8   Section        6  rtexit2.o(.ARM.Collect$$rtexit$$00000004)
    .text                                    0x080001e0   Section       64  startup_stm32f10x_md.o(.text)
    .text                                    0x08000220   Section        2  use_no_semi.o(.text)
    .text                                    0x08000224   Section        0  noretval__2printf.o(.text)
    .text                                    0x0800023c   Section        0  __printf.o(.text)
    .text                                    0x080002a4   Section        0  _printf_str.o(.text)
    .text                                    0x080002f8   Section        0  _printf_dec.o(.text)
    .text                                    0x08000370   Section        0  heapauxi.o(.text)
    .text                                    0x08000376   Section        0  _rserrno.o(.text)
    .text                                    0x0800038c   Section        0  _printf_intcommon.o(.text)
    .text                                    0x0800043e   Section        0  _printf_char.o(.text)
    .text                                    0x0800046c   Section        0  _printf_char_file.o(.text)
    .text                                    0x08000490   Section        8  rt_errno_addr_intlibspace.o(.text)
    .text                                    0x08000498   Section        0  _printf_char_common.o(.text)
    _printf_input_char                       0x08000499   Thumb Code    10  _printf_char_common.o(.text)
    .text                                    0x080004c8   Section        8  libspace.o(.text)
    .text                                    0x080004d0   Section       74  sys_stackheap_outer.o(.text)
    .text                                    0x0800051a   Section        0  exit.o(.text)
    i.ADC1_Configuration                     0x0800052c   Section        0  setting.o(i.ADC1_Configuration)
    i.ADC_Cmd                                0x080005dc   Section        0  stm32f10x_adc.o(i.ADC_Cmd)
    i.ADC_DMACmd                             0x080005f2   Section        0  stm32f10x_adc.o(i.ADC_DMACmd)
    i.ADC_GetCalibrationStatus               0x08000608   Section        0  stm32f10x_adc.o(i.ADC_GetCalibrationStatus)
    i.ADC_GetResetCalibrationStatus          0x0800061c   Section        0  stm32f10x_adc.o(i.ADC_GetResetCalibrationStatus)
    i.ADC_Init                               0x08000630   Section        0  stm32f10x_adc.o(i.ADC_Init)
    i.ADC_RegularChannelConfig               0x08000680   Section        0  stm32f10x_adc.o(i.ADC_RegularChannelConfig)
    i.ADC_ResetCalibration                   0x08000738   Section        0  stm32f10x_adc.o(i.ADC_ResetCalibration)
    i.ADC_SoftwareStartConvCmd               0x08000742   Section        0  stm32f10x_adc.o(i.ADC_SoftwareStartConvCmd)
    i.ADC_StartCalibration                   0x08000758   Section        0  stm32f10x_adc.o(i.ADC_StartCalibration)
    i.BUZZER_Configuration                   0x08000764   Section        0  setting.o(i.BUZZER_Configuration)
    i.Button_Action                          0x0800079c   Section        0  button.o(i.Button_Action)
    i.Button_init                            0x08000a6c   Section        0  setting.o(i.Button_init)
    i.Buzzer_sound                           0x08000ad0   Section        0  melody.o(i.Buzzer_sound)
    i.DMA_Cmd                                0x08000b10   Section        0  stm32f10x_dma.o(i.DMA_Cmd)
    i.DMA_Configuration                      0x08000b28   Section        0  setting.o(i.DMA_Configuration)
    i.DMA_DeInit                             0x08000b88   Section        0  stm32f10x_dma.o(i.DMA_DeInit)
    i.DMA_Init                               0x08000cd4   Section        0  stm32f10x_dma.o(i.DMA_Init)
    i.EXTI15_10_IRQHandler                   0x08000d10   Section        0  interrupt.o(i.EXTI15_10_IRQHandler)
    i.EXTI_ClearITPendingBit                 0x08000d70   Section        0  stm32f10x_exti.o(i.EXTI_ClearITPendingBit)
    i.EXTI_GetITStatus                       0x08000d7c   Section        0  stm32f10x_exti.o(i.EXTI_GetITStatus)
    i.EXTI_Init                              0x08000da4   Section        0  stm32f10x_exti.o(i.EXTI_Init)
    i.FND_Configuration                      0x08000e38   Section        0  setting.o(i.FND_Configuration)
    i.GPIO_EXTILineConfig                    0x08000e6c   Section        0  stm32f10x_gpio.o(i.GPIO_EXTILineConfig)
    i.GPIO_Init                              0x08000eac   Section        0  stm32f10x_gpio.o(i.GPIO_Init)
    i.GPIO_PinRemapConfig                    0x08000fc4   Section        0  stm32f10x_gpio.o(i.GPIO_PinRemapConfig)
    i.GPIO_ReadInputDataBit                  0x08001054   Section        0  stm32f10x_gpio.o(i.GPIO_ReadInputDataBit)
    i.GPIO_ResetBits                         0x08001066   Section        0  stm32f10x_gpio.o(i.GPIO_ResetBits)
    i.GPIO_SetBits                           0x0800106a   Section        0  stm32f10x_gpio.o(i.GPIO_SetBits)
    i.Heater_Conf                            0x08001070   Section        0  setting.o(i.Heater_Conf)
    i.MelodyOff                              0x080010a4   Section        0  melody.o(i.MelodyOff)
    i.MelodyStart                            0x080010e8   Section        0  melody.o(i.MelodyStart)
    i.NVIC_Init                              0x080011ec   Section        0  misc.o(i.NVIC_Init)
    i.NVIC_PriorityGroupConfig               0x0800125c   Section        0  misc.o(i.NVIC_PriorityGroupConfig)
    i.NVIC_init                              0x08001270   Section        0  setting.o(i.NVIC_init)
    i.RCC_ADCCLKConfig                       0x080012d4   Section        0  stm32f10x_rcc.o(i.RCC_ADCCLKConfig)
    i.RCC_AHBPeriphClockCmd                  0x080012ec   Section        0  stm32f10x_rcc.o(i.RCC_AHBPeriphClockCmd)
    i.RCC_APB1PeriphClockCmd                 0x0800130c   Section        0  stm32f10x_rcc.o(i.RCC_APB1PeriphClockCmd)
    i.RCC_APB2PeriphClockCmd                 0x0800132c   Section        0  stm32f10x_rcc.o(i.RCC_APB2PeriphClockCmd)
    i.RCC_GetClocksFreq                      0x0800134c   Section        0  stm32f10x_rcc.o(i.RCC_GetClocksFreq)
    i.RCC_SYSCLKConfig                       0x08001428   Section        0  stm32f10x_rcc.o(i.RCC_SYSCLKConfig)
    i.SetSysClock                            0x08001440   Section        0  system_stm32f10x.o(i.SetSysClock)
    SetSysClock                              0x08001441   Thumb Code     8  system_stm32f10x.o(i.SetSysClock)
    i.SetSysClockTo72                        0x08001448   Section        0  system_stm32f10x.o(i.SetSysClockTo72)
    SetSysClockTo72                          0x08001449   Thumb Code   214  system_stm32f10x.o(i.SetSysClockTo72)
    i.Setting                                0x08001528   Section        0  setting.o(i.Setting)
    i.SysTick_CLKSourceConfig                0x08001550   Section        0  misc.o(i.SysTick_CLKSourceConfig)
    i.SysTick_Handler                        0x08001578   Section        0  interrupt.o(i.SysTick_Handler)
    i.SystemInit                             0x080015c0   Section        0  system_stm32f10x.o(i.SystemInit)
    i.TIM2_IRQHandler                        0x08001620   Section        0  interrupt.o(i.TIM2_IRQHandler)
    i.TIMER_Configuration                    0x080016bc   Section        0  setting.o(i.TIMER_Configuration)
    i.TIM_ARRPreloadConfig                   0x0800181c   Section        0  stm32f10x_tim.o(i.TIM_ARRPreloadConfig)
    i.TIM_ClearFlag                          0x08001834   Section        0  stm32f10x_tim.o(i.TIM_ClearFlag)
    i.TIM_ClearITPendingBit                  0x0800183a   Section        0  stm32f10x_tim.o(i.TIM_ClearITPendingBit)
    i.TIM_Cmd                                0x08001840   Section        0  stm32f10x_tim.o(i.TIM_Cmd)
    i.TIM_GetITStatus                        0x08001858   Section        0  stm32f10x_tim.o(i.TIM_GetITStatus)
    i.TIM_ITConfig                           0x0800187a   Section        0  stm32f10x_tim.o(i.TIM_ITConfig)
    i.TIM_OC1Init                            0x0800188c   Section        0  stm32f10x_tim.o(i.TIM_OC1Init)
    i.TIM_OC1PreloadConfig                   0x08001924   Section        0  stm32f10x_tim.o(i.TIM_OC1PreloadConfig)
    i.TIM_OC3Init                            0x08001938   Section        0  stm32f10x_tim.o(i.TIM_OC3Init)
    i.TIM_OC3PreloadConfig                   0x080019d8   Section        0  stm32f10x_tim.o(i.TIM_OC3PreloadConfig)
    i.TIM_OC4Init                            0x080019ec   Section        0  stm32f10x_tim.o(i.TIM_OC4Init)
    i.TIM_OC4PreloadConfig                   0x08001a68   Section        0  stm32f10x_tim.o(i.TIM_OC4PreloadConfig)
    i.TIM_SetCounter                         0x08001a82   Section        0  stm32f10x_tim.o(i.TIM_SetCounter)
    i.TIM_TimeBaseInit                       0x08001a88   Section        0  stm32f10x_tim.o(i.TIM_TimeBaseInit)
    i.USART_Cmd                              0x08001b2c   Section        0  stm32f10x_usart.o(i.USART_Cmd)
    i.USART_GetFlagStatus                    0x08001b44   Section        0  stm32f10x_usart.o(i.USART_GetFlagStatus)
    i.USART_Init                             0x08001b60   Section        0  stm32f10x_usart.o(i.USART_Init)
    i.USART_SendData                         0x08001c38   Section        0  stm32f10x_usart.o(i.USART_SendData)
    i.UsartInit                              0x08001c40   Section        0  setting.o(i.UsartInit)
    i.__ARM_fpclassify                       0x08001cc0   Section        0  fpclassify.o(i.__ARM_fpclassify)
    i.__kernel_poly                          0x08001ce8   Section        0  poly.o(i.__kernel_poly)
    i.__mathlib_dbl_divzero                  0x08001d94   Section        0  dunder.o(i.__mathlib_dbl_divzero)
    i.__mathlib_dbl_infnan                   0x08001da4   Section        0  dunder.o(i.__mathlib_dbl_infnan)
    i.__mathlib_dbl_infnan2                  0x08001daa   Section        0  dunder.o(i.__mathlib_dbl_infnan2)
    i.__mathlib_dbl_invalid                  0x08001dae   Section        0  dunder.o(i.__mathlib_dbl_invalid)
    i.__mathlib_dbl_overflow                 0x08001dba   Section        0  dunder.o(i.__mathlib_dbl_overflow)
    i.__mathlib_dbl_underflow                0x08001dc8   Section        0  dunder.o(i.__mathlib_dbl_underflow)
    i._sys_exit                              0x08001dd8   Section        0  main.o(i._sys_exit)
    i.delay_ms                               0x08001ddc   Section        0  delay.o(i.delay_ms)
    i.delay_s                                0x08001df8   Section        0  delay.o(i.delay_s)
    i.delay_us                               0x08001e1c   Section        0  delay.o(i.delay_us)
    i.ferror                                 0x08001eba   Section        0  main.o(i.ferror)
    i.fputc                                  0x08001ec4   Section        0  main.o(i.fputc)
    i.log                                    0x08001ee8   Section        0  log.o(i.log)
    i.log10                                  0x08002244   Section        0  log10.o(i.log10)
    i.main                                   0x08002328   Section        0  main.o(i.main)
    i.pow                                    0x080027e4   Section        0  pow.o(i.pow)
    i.sqrt                                   0x080031bc   Section        0  sqrt.o(i.sqrt)
    x$fpl$dadd                               0x08003208   Section      336  daddsub_clz.o(x$fpl$dadd)
    _dadd1                                   0x08003219   Thumb Code     0  daddsub_clz.o(x$fpl$dadd)
    x$fpl$dcheck1                            0x08003358   Section       16  dcheck1.o(x$fpl$dcheck1)
    x$fpl$dcmpinf                            0x08003368   Section       24  dcmpi.o(x$fpl$dcmpinf)
    x$fpl$ddiv                               0x08003380   Section      688  ddiv.o(x$fpl$ddiv)
    ddiv_entry                               0x08003387   Thumb Code     0  ddiv.o(x$fpl$ddiv)
    x$fpl$deqf                               0x08003630   Section      120  deqf.o(x$fpl$deqf)
    x$fpl$dfixu                              0x080036a8   Section       90  dfixu.o(x$fpl$dfixu)
    x$fpl$dflt                               0x08003702   Section       46  dflt_clz.o(x$fpl$dflt)
    x$fpl$dfltu                              0x08003730   Section       38  dflt_clz.o(x$fpl$dfltu)
    x$fpl$dleqf                              0x08003758   Section      120  dleqf.o(x$fpl$dleqf)
    x$fpl$dmul                               0x080037d0   Section      340  dmul.o(x$fpl$dmul)
    x$fpl$dnaninf                            0x08003924   Section      156  dnaninf.o(x$fpl$dnaninf)
    x$fpl$dretinf                            0x080039c0   Section       12  dretinf.o(x$fpl$dretinf)
    x$fpl$drleqf                             0x080039cc   Section      108  drleqf.o(x$fpl$drleqf)
    x$fpl$drsb                               0x08003a38   Section       22  daddsub_clz.o(x$fpl$drsb)
    x$fpl$dsqrt                              0x08003a50   Section      460  dsqrt_noumaal.o(x$fpl$dsqrt)
    x$fpl$dsub                               0x08003c1c   Section      468  daddsub_clz.o(x$fpl$dsub)
    _dsub1                                   0x08003c2d   Thumb Code     0  daddsub_clz.o(x$fpl$dsub)
    x$fpl$retnan                             0x08003df0   Section      100  retnan.o(x$fpl$retnan)
    x$fpl$scalbn                             0x08003e54   Section       92  scalbn.o(x$fpl$scalbn)
    x$fpl$trapveneer                         0x08003eb0   Section       48  trapv.o(x$fpl$trapveneer)
    .constdata                               0x08003ee0   Section        5  main.o(.constdata)
    x$fpl$usenofp                            0x08003ee0   Section        0  usenofp.o(x$fpl$usenofp)
    __FUNCTION__                             0x08003ee0   Data           5  main.o(.constdata)
    .constdata                               0x08003ee5   Section       14  button.o(.constdata)
    __FUNCTION__                             0x08003ee5   Data          14  button.o(.constdata)
    .constdata                               0x08003ef8   Section      136  pow.o(.constdata)
    bp                                       0x08003ef8   Data          16  pow.o(.constdata)
    dp_h                                     0x08003f08   Data          16  pow.o(.constdata)
    dp_l                                     0x08003f18   Data          16  pow.o(.constdata)
    L                                        0x08003f28   Data          48  pow.o(.constdata)
    P                                        0x08003f58   Data          40  pow.o(.constdata)
    .constdata                               0x08003f80   Section       56  log.o(.constdata)
    Lg2                                      0x08003f80   Data          24  log.o(.constdata)
    Lg                                       0x08003f98   Data          32  log.o(.constdata)
    .constdata                               0x08003fb8   Section        8  qnan.o(.constdata)
    .data                                    0x20000000   Section     4004  main.o(.data)
    .data                                    0x20000fa4   Section        2  interrupt.o(.data)
    .data                                    0x20000fa6   Section        2  setting.o(.data)
    .data                                    0x20000fa8   Section       32  button.o(.data)
    .data                                    0x20000fc8   Section      532  melody.o(.data)
    .data                                    0x200011dc   Section       20  stm32f10x_rcc.o(.data)
    APBAHBPrescTable                         0x200011dc   Data          16  stm32f10x_rcc.o(.data)
    ADCPrescTable                            0x200011ec   Data           4  stm32f10x_rcc.o(.data)
    .data                                    0x200011f0   Section       20  system_stm32f10x.o(.data)
    .bss                                     0x20001204   Section      120  main.o(.bss)
    .bss                                     0x2000127c   Section       92  setting.o(.bss)
    .bss                                     0x200012d8   Section       68  melody.o(.bss)
    .bss                                     0x2000131c   Section       96  libspace.o(.bss)
    HEAP                                     0x20001380   Section      512  startup_stm32f10x_md.o(HEAP)
    Heap_Mem                                 0x20001380   Data         512  startup_stm32f10x_md.o(HEAP)
    STACK                                    0x20001580   Section     1024  startup_stm32f10x_md.o(STACK)
    Stack_Mem                                0x20001580   Data        1024  startup_stm32f10x_md.o(STACK)
    __initial_sp                             0x20001980   Data           0  startup_stm32f10x_md.o(STACK)

    Global Symbols

    Symbol Name                              Value     Ov Type        Size  Object(Section)

    BuildAttributes$$THM_ISAv4$P$D$K$B$S$PE$A:L22UL41UL21$X:L11$S22US41US21$IEEE1$IW$USESV6$~STKCKD$USESV7$~SHL$OTIME$ROPI$IEEEX$EBA8$UX$STANDARDLIB$REQ8$PRES8$EABIv2 0x00000000   Number         0  anon$$obj.o ABSOLUTE
    __ARM_use_no_argv                        0x00000000   Number         0  main.o ABSOLUTE
    __ARM_exceptions_init                     - Undefined Weak Reference
    __alloca_initialize                       - Undefined Weak Reference
    __arm_preinit_                            - Undefined Weak Reference
    __cpp_initialize__aeabi_                  - Undefined Weak Reference
    __cxa_finalize                            - Undefined Weak Reference
    __rt_locale                               - Undefined Weak Reference
    __sigvec_lookup                           - Undefined Weak Reference
    _atexit_init                              - Undefined Weak Reference
    _call_atexit_fns                          - Undefined Weak Reference
    _clock_init                               - Undefined Weak Reference
    _fp_trap_init                             - Undefined Weak Reference
    _fp_trap_shutdown                         - Undefined Weak Reference
    _get_lc_collate                           - Undefined Weak Reference
    _get_lc_ctype                             - Undefined Weak Reference
    _get_lc_monetary                          - Undefined Weak Reference
    _get_lc_numeric                           - Undefined Weak Reference
    _get_lc_time                              - Undefined Weak Reference
    _getenv_init                              - Undefined Weak Reference
    _handle_redirection                       - Undefined Weak Reference
    _init_alloc                               - Undefined Weak Reference
    _init_user_alloc                          - Undefined Weak Reference
    _initio                                   - Undefined Weak Reference
    _printf_mbtowc                            - Undefined Weak Reference
    _printf_post_padding                      - Undefined Weak Reference
    _printf_pre_padding                       - Undefined Weak Reference
    _printf_truncate_signed                   - Undefined Weak Reference
    _printf_truncate_unsigned                 - Undefined Weak Reference
    _rand_init                                - Undefined Weak Reference
    _signal_finish                            - Undefined Weak Reference
    _signal_init                              - Undefined Weak Reference
    _terminate_alloc                          - Undefined Weak Reference
    _terminate_user_alloc                     - Undefined Weak Reference
    _terminateio                              - Undefined Weak Reference
    __Vectors_Size                           0x000000ec   Number         0  startup_stm32f10x_md.o ABSOLUTE
    __Vectors                                0x08000000   Data           4  startup_stm32f10x_md.o(RESET)
    __Vectors_End                            0x080000ec   Data           0  startup_stm32f10x_md.o(RESET)
    __main                                   0x080000ed   Thumb Code     8  __main.o(!!!main)
    __scatterload                            0x080000f5   Thumb Code     0  __scatter.o(!!!scatter)
    __scatterload_rt2                        0x080000f5   Thumb Code    44  __scatter.o(!!!scatter)
    __scatterload_rt2_thumb_only             0x080000f5   Thumb Code     0  __scatter.o(!!!scatter)
    __scatterload_null                       0x08000103   Thumb Code     0  __scatter.o(!!!scatter)
    __decompress                             0x08000129   Thumb Code   100  __dclz77c.o(!!dclz77c)
    __decompress2                            0x08000129   Thumb Code     0  __dclz77c.o(!!dclz77c)
    __scatterload_zeroinit                   0x0800018d   Thumb Code    28  __scatter_zi.o(!!handler_zi)
    _printf_d                                0x080001a9   Thumb Code     0  _printf_d.o(.ARM.Collect$$_printf_percent$$00000009)
    _printf_percent                          0x080001a9   Thumb Code     0  _printf_percent.o(.ARM.Collect$$_printf_percent$$00000000)
    _printf_s                                0x080001af   Thumb Code     0  _printf_s.o(.ARM.Collect$$_printf_percent$$00000014)
    _printf_percent_end                      0x080001b5   Thumb Code     0  _printf_percent_end.o(.ARM.Collect$$_printf_percent$$00000017)
    __rt_lib_init                            0x080001b9   Thumb Code     0  libinit.o(.ARM.Collect$$libinit$$00000000)
    __rt_lib_init_alloca_1                   0x080001bb   Thumb Code     0  libinit2.o(.ARM.Collect$$libinit$$0000002E)
    __rt_lib_init_argv_1                     0x080001bb   Thumb Code     0  libinit2.o(.ARM.Collect$$libinit$$0000002C)
    __rt_lib_init_atexit_1                   0x080001bb   Thumb Code     0  libinit2.o(.ARM.Collect$$libinit$$0000001B)
    __rt_lib_init_clock_1                    0x080001bb   Thumb Code     0  libinit2.o(.ARM.Collect$$libinit$$00000021)
    __rt_lib_init_cpp_1                      0x080001bb   Thumb Code     0  libinit2.o(.ARM.Collect$$libinit$$00000032)
    __rt_lib_init_exceptions_1               0x080001bb   Thumb Code     0  libinit2.o(.ARM.Collect$$libinit$$00000030)
    __rt_lib_init_fp_1                       0x080001bb   Thumb Code     0  libinit2.o(.ARM.Collect$$libinit$$00000002)
    __rt_lib_init_fp_trap_1                  0x080001bb   Thumb Code     0  libinit2.o(.ARM.Collect$$libinit$$0000001F)
    __rt_lib_init_getenv_1                   0x080001bb   Thumb Code     0  libinit2.o(.ARM.Collect$$libinit$$00000023)
    __rt_lib_init_heap_1                     0x080001bb   Thumb Code     0  libinit2.o(.ARM.Collect$$libinit$$0000000A)
    __rt_lib_init_lc_collate_1               0x080001bb   Thumb Code     0  libinit2.o(.ARM.Collect$$libinit$$00000011)
    __rt_lib_init_lc_ctype_1                 0x080001bb   Thumb Code     0  libinit2.o(.ARM.Collect$$libinit$$00000013)
    __rt_lib_init_lc_monetary_1              0x080001bb   Thumb Code     0  libinit2.o(.ARM.Collect$$libinit$$00000015)
    __rt_lib_init_lc_numeric_1               0x080001bb   Thumb Code     0  libinit2.o(.ARM.Collect$$libinit$$00000017)
    __rt_lib_init_lc_time_1                  0x080001bb   Thumb Code     0  libinit2.o(.ARM.Collect$$libinit$$00000019)
    __rt_lib_init_preinit_1                  0x080001bb   Thumb Code     0  libinit2.o(.ARM.Collect$$libinit$$00000004)
    __rt_lib_init_rand_1                     0x080001bb   Thumb Code     0  libinit2.o(.ARM.Collect$$libinit$$0000000E)
    __rt_lib_init_return                     0x080001bb   Thumb Code     0  libinit2.o(.ARM.Collect$$libinit$$00000033)
    __rt_lib_init_signal_1                   0x080001bb   Thumb Code     0  libinit2.o(.ARM.Collect$$libinit$$0000001D)
    __rt_lib_init_stdio_1                    0x080001bb   Thumb Code     0  libinit2.o(.ARM.Collect$$libinit$$00000025)
    __rt_lib_init_user_alloc_1               0x080001bb   Thumb Code     0  libinit2.o(.ARM.Collect$$libinit$$0000000C)
    __rt_lib_shutdown                        0x080001bd   Thumb Code     0  libshutdown.o(.ARM.Collect$$libshutdown$$00000000)
    __rt_lib_shutdown_cpp_1                  0x080001bf   Thumb Code     0  libshutdown2.o(.ARM.Collect$$libshutdown$$00000002)
    __rt_lib_shutdown_fp_trap_1              0x080001bf   Thumb Code     0  libshutdown2.o(.ARM.Collect$$libshutdown$$00000007)
    __rt_lib_shutdown_heap_1                 0x080001bf   Thumb Code     0  libshutdown2.o(.ARM.Collect$$libshutdown$$0000000F)
    __rt_lib_shutdown_return                 0x080001bf   Thumb Code     0  libshutdown2.o(.ARM.Collect$$libshutdown$$00000010)
    __rt_lib_shutdown_signal_1               0x080001bf   Thumb Code     0  libshutdown2.o(.ARM.Collect$$libshutdown$$0000000A)
    __rt_lib_shutdown_stdio_1                0x080001bf   Thumb Code     0  libshutdown2.o(.ARM.Collect$$libshutdown$$00000004)
    __rt_lib_shutdown_user_alloc_1           0x080001bf   Thumb Code     0  libshutdown2.o(.ARM.Collect$$libshutdown$$0000000C)
    __rt_entry                               0x080001c1   Thumb Code     0  __rtentry.o(.ARM.Collect$$rtentry$$00000000)
    __rt_entry_presh_1                       0x080001c1   Thumb Code     0  __rtentry2.o(.ARM.Collect$$rtentry$$00000002)
    __rt_entry_sh                            0x080001c1   Thumb Code     0  __rtentry4.o(.ARM.Collect$$rtentry$$00000004)
    __rt_entry_li                            0x080001c7   Thumb Code     0  __rtentry2.o(.ARM.Collect$$rtentry$$0000000A)
    __rt_entry_postsh_1                      0x080001c7   Thumb Code     0  __rtentry2.o(.ARM.Collect$$rtentry$$00000009)
    __rt_entry_main                          0x080001cb   Thumb Code     0  __rtentry2.o(.ARM.Collect$$rtentry$$0000000D)
    __rt_entry_postli_1                      0x080001cb   Thumb Code     0  __rtentry2.o(.ARM.Collect$$rtentry$$0000000C)
    __rt_exit                                0x080001d3   Thumb Code     0  rtexit.o(.ARM.Collect$$rtexit$$00000000)
    __rt_exit_ls                             0x080001d5   Thumb Code     0  rtexit2.o(.ARM.Collect$$rtexit$$00000003)
    __rt_exit_prels_1                        0x080001d5   Thumb Code     0  rtexit2.o(.ARM.Collect$$rtexit$$00000002)
    __rt_exit_exit                           0x080001d9   Thumb Code     0  rtexit2.o(.ARM.Collect$$rtexit$$00000004)
    Reset_Handler                            0x080001e1   Thumb Code     8  startup_stm32f10x_md.o(.text)
    NMI_Handler                              0x080001e9   Thumb Code     2  startup_stm32f10x_md.o(.text)
    HardFault_Handler                        0x080001eb   Thumb Code     2  startup_stm32f10x_md.o(.text)
    MemManage_Handler                        0x080001ed   Thumb Code     2  startup_stm32f10x_md.o(.text)
    BusFault_Handler                         0x080001ef   Thumb Code     2  startup_stm32f10x_md.o(.text)
    UsageFault_Handler                       0x080001f1   Thumb Code     2  startup_stm32f10x_md.o(.text)
    SVC_Handler                              0x080001f3   Thumb Code     2  startup_stm32f10x_md.o(.text)
    DebugMon_Handler                         0x080001f5   Thumb Code     2  startup_stm32f10x_md.o(.text)
    PendSV_Handler                           0x080001f7   Thumb Code     2  startup_stm32f10x_md.o(.text)
    ADC1_2_IRQHandler                        0x080001fb   Thumb Code     0  startup_stm32f10x_md.o(.text)
    CAN1_RX1_IRQHandler                      0x080001fb   Thumb Code     0  startup_stm32f10x_md.o(.text)
    CAN1_SCE_IRQHandler                      0x080001fb   Thumb Code     0  startup_stm32f10x_md.o(.text)
    DMA1_Channel1_IRQHandler                 0x080001fb   Thumb Code     0  startup_stm32f10x_md.o(.text)
    DMA1_Channel2_IRQHandler                 0x080001fb   Thumb Code     0  startup_stm32f10x_md.o(.text)
    DMA1_Channel3_IRQHandler                 0x080001fb   Thumb Code     0  startup_stm32f10x_md.o(.text)
    DMA1_Channel4_IRQHandler                 0x080001fb   Thumb Code     0  startup_stm32f10x_md.o(.text)
    DMA1_Channel5_IRQHandler                 0x080001fb   Thumb Code     0  startup_stm32f10x_md.o(.text)
    DMA1_Channel6_IRQHandler                 0x080001fb   Thumb Code     0  startup_stm32f10x_md.o(.text)
    DMA1_Channel7_IRQHandler                 0x080001fb   Thumb Code     0  startup_stm32f10x_md.o(.text)
    EXTI0_IRQHandler                         0x080001fb   Thumb Code     0  startup_stm32f10x_md.o(.text)
    EXTI1_IRQHandler                         0x080001fb   Thumb Code     0  startup_stm32f10x_md.o(.text)
    EXTI2_IRQHandler                         0x080001fb   Thumb Code     0  startup_stm32f10x_md.o(.text)
    EXTI3_IRQHandler                         0x080001fb   Thumb Code     0  startup_stm32f10x_md.o(.text)
    EXTI4_IRQHandler                         0x080001fb   Thumb Code     0  startup_stm32f10x_md.o(.text)
    EXTI9_5_IRQHandler                       0x080001fb   Thumb Code     0  startup_stm32f10x_md.o(.text)
    FLASH_IRQHandler                         0x080001fb   Thumb Code     0  startup_stm32f10x_md.o(.text)
    I2C1_ER_IRQHandler                       0x080001fb   Thumb Code     0  startup_stm32f10x_md.o(.text)
    I2C1_EV_IRQHandler                       0x080001fb   Thumb Code     0  startup_stm32f10x_md.o(.text)
    I2C2_ER_IRQHandler                       0x080001fb   Thumb Code     0  startup_stm32f10x_md.o(.text)
    I2C2_EV_IRQHandler                       0x080001fb   Thumb Code     0  startup_stm32f10x_md.o(.text)
    PVD_IRQHandler                           0x080001fb   Thumb Code     0  startup_stm32f10x_md.o(.text)
    RCC_IRQHandler                           0x080001fb   Thumb Code     0  startup_stm32f10x_md.o(.text)
    RTCAlarm_IRQHandler                      0x080001fb   Thumb Code     0  startup_stm32f10x_md.o(.text)
    RTC_IRQHandler                           0x080001fb   Thumb Code     0  startup_stm32f10x_md.o(.text)
    SPI1_IRQHandler                          0x080001fb   Thumb Code     0  startup_stm32f10x_md.o(.text)
    SPI2_IRQHandler                          0x080001fb   Thumb Code     0  startup_stm32f10x_md.o(.text)
    TAMPER_IRQHandler                        0x080001fb   Thumb Code     0  startup_stm32f10x_md.o(.text)
    TIM1_BRK_IRQHandler                      0x080001fb   Thumb Code     0  startup_stm32f10x_md.o(.text)
    TIM1_CC_IRQHandler                       0x080001fb   Thumb Code     0  startup_stm32f10x_md.o(.text)
    TIM1_TRG_COM_IRQHandler                  0x080001fb   Thumb Code     0  startup_stm32f10x_md.o(.text)
    TIM1_UP_IRQHandler                       0x080001fb   Thumb Code     0  startup_stm32f10x_md.o(.text)
    TIM3_IRQHandler                          0x080001fb   Thumb Code     0  startup_stm32f10x_md.o(.text)
    TIM4_IRQHandler                          0x080001fb   Thumb Code     0  startup_stm32f10x_md.o(.text)
    USART1_IRQHandler                        0x080001fb   Thumb Code     0  startup_stm32f10x_md.o(.text)
    USART2_IRQHandler                        0x080001fb   Thumb Code     0  startup_stm32f10x_md.o(.text)
    USART3_IRQHandler                        0x080001fb   Thumb Code     0  startup_stm32f10x_md.o(.text)
    USBWakeUp_IRQHandler                     0x080001fb   Thumb Code     0  startup_stm32f10x_md.o(.text)
    USB_HP_CAN1_TX_IRQHandler                0x080001fb   Thumb Code     0  startup_stm32f10x_md.o(.text)
    USB_LP_CAN1_RX0_IRQHandler               0x080001fb   Thumb Code     0  startup_stm32f10x_md.o(.text)
    WWDG_IRQHandler                          0x080001fb   Thumb Code     0  startup_stm32f10x_md.o(.text)
    __user_initial_stackheap                 0x080001fd   Thumb Code     0  startup_stm32f10x_md.o(.text)
    __I$use$semihosting                      0x08000221   Thumb Code     0  use_no_semi.o(.text)
    __use_no_semihosting_swi                 0x08000221   Thumb Code     2  use_no_semi.o(.text)
    __2printf                                0x08000225   Thumb Code    20  noretval__2printf.o(.text)
    __printf                                 0x0800023d   Thumb Code   104  __printf.o(.text)
    _printf_str                              0x080002a5   Thumb Code    82  _printf_str.o(.text)
    _printf_int_dec                          0x080002f9   Thumb Code   104  _printf_dec.o(.text)
    __use_two_region_memory                  0x08000371   Thumb Code     2  heapauxi.o(.text)
    __rt_heap_escrow$2region                 0x08000373   Thumb Code     2  heapauxi.o(.text)
    __rt_heap_expand$2region                 0x08000375   Thumb Code     2  heapauxi.o(.text)
    __read_errno                             0x08000377   Thumb Code    10  _rserrno.o(.text)
    __set_errno                              0x08000381   Thumb Code    12  _rserrno.o(.text)
    _printf_int_common                       0x0800038d   Thumb Code   178  _printf_intcommon.o(.text)
    _printf_cs_common                        0x0800043f   Thumb Code    20  _printf_char.o(.text)
    _printf_char                             0x08000453   Thumb Code    16  _printf_char.o(.text)
    _printf_string                           0x08000463   Thumb Code     8  _printf_char.o(.text)
    _printf_char_file                        0x0800046d   Thumb Code    32  _printf_char_file.o(.text)
    __aeabi_errno_addr                       0x08000491   Thumb Code     8  rt_errno_addr_intlibspace.o(.text)
    __errno$intlibspace                      0x08000491   Thumb Code     0  rt_errno_addr_intlibspace.o(.text)
    __rt_errno_addr$intlibspace              0x08000491   Thumb Code     0  rt_errno_addr_intlibspace.o(.text)
    _printf_char_common                      0x080004a3   Thumb Code    32  _printf_char_common.o(.text)
    __user_libspace                          0x080004c9   Thumb Code     8  libspace.o(.text)
    __user_perproc_libspace                  0x080004c9   Thumb Code     0  libspace.o(.text)
    __user_perthread_libspace                0x080004c9   Thumb Code     0  libspace.o(.text)
    __user_setup_stackheap                   0x080004d1   Thumb Code    74  sys_stackheap_outer.o(.text)
    exit                                     0x0800051b   Thumb Code    18  exit.o(.text)
    ADC1_Configuration                       0x0800052d   Thumb Code   166  setting.o(i.ADC1_Configuration)
    ADC_Cmd                                  0x080005dd   Thumb Code    22  stm32f10x_adc.o(i.ADC_Cmd)
    ADC_DMACmd                               0x080005f3   Thumb Code    22  stm32f10x_adc.o(i.ADC_DMACmd)
    ADC_GetCalibrationStatus                 0x08000609   Thumb Code    20  stm32f10x_adc.o(i.ADC_GetCalibrationStatus)
    ADC_GetResetCalibrationStatus            0x0800061d   Thumb Code    20  stm32f10x_adc.o(i.ADC_GetResetCalibrationStatus)
    ADC_Init                                 0x08000631   Thumb Code    70  stm32f10x_adc.o(i.ADC_Init)
    ADC_RegularChannelConfig                 0x08000681   Thumb Code   184  stm32f10x_adc.o(i.ADC_RegularChannelConfig)
    ADC_ResetCalibration                     0x08000739   Thumb Code    10  stm32f10x_adc.o(i.ADC_ResetCalibration)
    ADC_SoftwareStartConvCmd                 0x08000743   Thumb Code    22  stm32f10x_adc.o(i.ADC_SoftwareStartConvCmd)
    ADC_StartCalibration                     0x08000759   Thumb Code    10  stm32f10x_adc.o(i.ADC_StartCalibration)
    BUZZER_Configuration                     0x08000765   Thumb Code    46  setting.o(i.BUZZER_Configuration)
    Button_Action                            0x0800079d   Thumb Code   526  button.o(i.Button_Action)
    Button_init                              0x08000a6d   Thumb Code    92  setting.o(i.Button_init)
    Buzzer_sound                             0x08000ad1   Thumb Code    46  melody.o(i.Buzzer_sound)
    DMA_Cmd                                  0x08000b11   Thumb Code    24  stm32f10x_dma.o(i.DMA_Cmd)
    DMA_Configuration                        0x08000b29   Thumb Code    82  setting.o(i.DMA_Configuration)
    DMA_DeInit                               0x08000b89   Thumb Code   324  stm32f10x_dma.o(i.DMA_DeInit)
    DMA_Init                                 0x08000cd5   Thumb Code    60  stm32f10x_dma.o(i.DMA_Init)
    EXTI15_10_IRQHandler                     0x08000d11   Thumb Code    66  interrupt.o(i.EXTI15_10_IRQHandler)
    EXTI_ClearITPendingBit                   0x08000d71   Thumb Code     6  stm32f10x_exti.o(i.EXTI_ClearITPendingBit)
    EXTI_GetITStatus                         0x08000d7d   Thumb Code    34  stm32f10x_exti.o(i.EXTI_GetITStatus)
    EXTI_Init                                0x08000da5   Thumb Code   142  stm32f10x_exti.o(i.EXTI_Init)
    FND_Configuration                        0x08000e39   Thumb Code    46  setting.o(i.FND_Configuration)
    GPIO_EXTILineConfig                      0x08000e6d   Thumb Code    60  stm32f10x_gpio.o(i.GPIO_EXTILineConfig)
    GPIO_Init                                0x08000ead   Thumb Code   278  stm32f10x_gpio.o(i.GPIO_Init)
    GPIO_PinRemapConfig                      0x08000fc5   Thumb Code   138  stm32f10x_gpio.o(i.GPIO_PinRemapConfig)
    GPIO_ReadInputDataBit                    0x08001055   Thumb Code    18  stm32f10x_gpio.o(i.GPIO_ReadInputDataBit)
    GPIO_ResetBits                           0x08001067   Thumb Code     4  stm32f10x_gpio.o(i.GPIO_ResetBits)
    GPIO_SetBits                             0x0800106b   Thumb Code     4  stm32f10x_gpio.o(i.GPIO_SetBits)
    Heater_Conf                              0x08001071   Thumb Code    46  setting.o(i.Heater_Conf)
    MelodyOff                                0x080010a5   Thumb Code    44  melody.o(i.MelodyOff)
    MelodyStart                              0x080010e9   Thumb Code   192  melody.o(i.MelodyStart)
    NVIC_Init                                0x080011ed   Thumb Code   100  misc.o(i.NVIC_Init)
    NVIC_PriorityGroupConfig                 0x0800125d   Thumb Code    10  misc.o(i.NVIC_PriorityGroupConfig)
    NVIC_init                                0x08001271   Thumb Code   100  setting.o(i.NVIC_init)
    RCC_ADCCLKConfig                         0x080012d5   Thumb Code    18  stm32f10x_rcc.o(i.RCC_ADCCLKConfig)
    RCC_AHBPeriphClockCmd                    0x080012ed   Thumb Code    26  stm32f10x_rcc.o(i.RCC_AHBPeriphClockCmd)
    RCC_APB1PeriphClockCmd                   0x0800130d   Thumb Code    26  stm32f10x_rcc.o(i.RCC_APB1PeriphClockCmd)
    RCC_APB2PeriphClockCmd                   0x0800132d   Thumb Code    26  stm32f10x_rcc.o(i.RCC_APB2PeriphClockCmd)
    RCC_GetClocksFreq                        0x0800134d   Thumb Code   192  stm32f10x_rcc.o(i.RCC_GetClocksFreq)
    RCC_SYSCLKConfig                         0x08001429   Thumb Code    18  stm32f10x_rcc.o(i.RCC_SYSCLKConfig)
    Setting                                  0x08001529   Thumb Code    40  setting.o(i.Setting)
    SysTick_CLKSourceConfig                  0x08001551   Thumb Code    40  misc.o(i.SysTick_CLKSourceConfig)
    SysTick_Handler                          0x08001579   Thumb Code    56  interrupt.o(i.SysTick_Handler)
    SystemInit                               0x080015c1   Thumb Code    78  system_stm32f10x.o(i.SystemInit)
    TIM2_IRQHandler                          0x08001621   Thumb Code   140  interrupt.o(i.TIM2_IRQHandler)
    TIMER_Configuration                      0x080016bd   Thumb Code   302  setting.o(i.TIMER_Configuration)
    TIM_ARRPreloadConfig                     0x0800181d   Thumb Code    24  stm32f10x_tim.o(i.TIM_ARRPreloadConfig)
    TIM_ClearFlag                            0x08001835   Thumb Code     6  stm32f10x_tim.o(i.TIM_ClearFlag)
    TIM_ClearITPendingBit                    0x0800183b   Thumb Code     6  stm32f10x_tim.o(i.TIM_ClearITPendingBit)
    TIM_Cmd                                  0x08001841   Thumb Code    24  stm32f10x_tim.o(i.TIM_Cmd)
    TIM_GetITStatus                          0x08001859   Thumb Code    34  stm32f10x_tim.o(i.TIM_GetITStatus)
    TIM_ITConfig                             0x0800187b   Thumb Code    18  stm32f10x_tim.o(i.TIM_ITConfig)
    TIM_OC1Init                              0x0800188d   Thumb Code   132  stm32f10x_tim.o(i.TIM_OC1Init)
    TIM_OC1PreloadConfig                     0x08001925   Thumb Code    18  stm32f10x_tim.o(i.TIM_OC1PreloadConfig)
    TIM_OC3Init                              0x08001939   Thumb Code   150  stm32f10x_tim.o(i.TIM_OC3Init)
    TIM_OC3PreloadConfig                     0x080019d9   Thumb Code    18  stm32f10x_tim.o(i.TIM_OC3PreloadConfig)
    TIM_OC4Init                              0x080019ed   Thumb Code   114  stm32f10x_tim.o(i.TIM_OC4Init)
    TIM_OC4PreloadConfig                     0x08001a69   Thumb Code    26  stm32f10x_tim.o(i.TIM_OC4PreloadConfig)
    TIM_SetCounter                           0x08001a83   Thumb Code     4  stm32f10x_tim.o(i.TIM_SetCounter)
    TIM_TimeBaseInit                         0x08001a89   Thumb Code   122  stm32f10x_tim.o(i.TIM_TimeBaseInit)
    USART_Cmd                                0x08001b2d   Thumb Code    24  stm32f10x_usart.o(i.USART_Cmd)
    USART_GetFlagStatus                      0x08001b45   Thumb Code    26  stm32f10x_usart.o(i.USART_GetFlagStatus)
    USART_Init                               0x08001b61   Thumb Code   210  stm32f10x_usart.o(i.USART_Init)
    USART_SendData                           0x08001c39   Thumb Code     8  stm32f10x_usart.o(i.USART_SendData)
    UsartInit                                0x08001c41   Thumb Code   120  setting.o(i.UsartInit)
    __ARM_fpclassify                         0x08001cc1   Thumb Code    40  fpclassify.o(i.__ARM_fpclassify)
    __kernel_poly                            0x08001ce9   Thumb Code   170  poly.o(i.__kernel_poly)
    __mathlib_dbl_divzero                    0x08001d95   Thumb Code    12  dunder.o(i.__mathlib_dbl_divzero)
    __mathlib_dbl_infnan                     0x08001da5   Thumb Code     6  dunder.o(i.__mathlib_dbl_infnan)
    __mathlib_dbl_infnan2                    0x08001dab   Thumb Code     4  dunder.o(i.__mathlib_dbl_infnan2)
    __mathlib_dbl_invalid                    0x08001daf   Thumb Code    12  dunder.o(i.__mathlib_dbl_invalid)
    __mathlib_dbl_overflow                   0x08001dbb   Thumb Code    14  dunder.o(i.__mathlib_dbl_overflow)
    __mathlib_dbl_underflow                  0x08001dc9   Thumb Code    10  dunder.o(i.__mathlib_dbl_underflow)
    _sys_exit                                0x08001dd9   Thumb Code     4  main.o(i._sys_exit)
    delay_ms                                 0x08001ddd   Thumb Code    26  delay.o(i.delay_ms)
    delay_s                                  0x08001df9   Thumb Code    28  delay.o(i.delay_s)
    delay_us                                 0x08001e1d   Thumb Code   158  delay.o(i.delay_us)
    ferror                                   0x08001ebb   Thumb Code     8  main.o(i.ferror)
    fputc                                    0x08001ec5   Thumb Code    32  main.o(i.fputc)
    log                                      0x08001ee9   Thumb Code   808  log.o(i.log)
    log10                                    0x08002245   Thumb Code   198  log10.o(i.log10)
    main                                     0x08002329   Thumb Code  1032  main.o(i.main)
    pow                                      0x080027e5   Thumb Code  2512  pow.o(i.pow)
    sqrt                                     0x080031bd   Thumb Code    76  sqrt.o(i.sqrt)
    __aeabi_dadd                             0x08003209   Thumb Code     0  daddsub_clz.o(x$fpl$dadd)
    _dadd                                    0x08003209   Thumb Code   332  daddsub_clz.o(x$fpl$dadd)
    __fpl_dcheck_NaN1                        0x08003359   Thumb Code    10  dcheck1.o(x$fpl$dcheck1)
    __fpl_dcmp_Inf                           0x08003369   Thumb Code    24  dcmpi.o(x$fpl$dcmpinf)
    __aeabi_ddiv                             0x08003381   Thumb Code     0  ddiv.o(x$fpl$ddiv)
    _ddiv                                    0x08003381   Thumb Code   552  ddiv.o(x$fpl$ddiv)
    __aeabi_cdcmpeq                          0x08003631   Thumb Code     0  deqf.o(x$fpl$deqf)
    _dcmpeq                                  0x08003631   Thumb Code   120  deqf.o(x$fpl$deqf)
    __aeabi_d2uiz                            0x080036a9   Thumb Code     0  dfixu.o(x$fpl$dfixu)
    _dfixu                                   0x080036a9   Thumb Code    90  dfixu.o(x$fpl$dfixu)
    __aeabi_i2d                              0x08003703   Thumb Code     0  dflt_clz.o(x$fpl$dflt)
    _dflt                                    0x08003703   Thumb Code    46  dflt_clz.o(x$fpl$dflt)
    __aeabi_ui2d                             0x08003731   Thumb Code     0  dflt_clz.o(x$fpl$dfltu)
    _dfltu                                   0x08003731   Thumb Code    38  dflt_clz.o(x$fpl$dfltu)
    __aeabi_cdcmple                          0x08003759   Thumb Code     0  dleqf.o(x$fpl$dleqf)
    _dcmple                                  0x08003759   Thumb Code   120  dleqf.o(x$fpl$dleqf)
    __fpl_dcmple_InfNaN                      0x080037bb   Thumb Code     0  dleqf.o(x$fpl$dleqf)
    __aeabi_dmul                             0x080037d1   Thumb Code     0  dmul.o(x$fpl$dmul)
    _dmul                                    0x080037d1   Thumb Code   332  dmul.o(x$fpl$dmul)
    __fpl_dnaninf                            0x08003925   Thumb Code   156  dnaninf.o(x$fpl$dnaninf)
    __fpl_dretinf                            0x080039c1   Thumb Code    12  dretinf.o(x$fpl$dretinf)
    __aeabi_cdrcmple                         0x080039cd   Thumb Code     0  drleqf.o(x$fpl$drleqf)
    _drcmple                                 0x080039cd   Thumb Code   108  drleqf.o(x$fpl$drleqf)
    __aeabi_drsub                            0x08003a39   Thumb Code     0  daddsub_clz.o(x$fpl$drsb)
    _drsb                                    0x08003a39   Thumb Code    22  daddsub_clz.o(x$fpl$drsb)
    _dsqrt                                   0x08003a51   Thumb Code   456  dsqrt_noumaal.o(x$fpl$dsqrt)
    __aeabi_dsub                             0x08003c1d   Thumb Code     0  daddsub_clz.o(x$fpl$dsub)
    _dsub                                    0x08003c1d   Thumb Code   464  daddsub_clz.o(x$fpl$dsub)
    __fpl_return_NaN                         0x08003df1   Thumb Code   100  retnan.o(x$fpl$retnan)
    __ARM_scalbn                             0x08003e55   Thumb Code    92  scalbn.o(x$fpl$scalbn)
    __fpl_cmpreturn                          0x08003eb1   Thumb Code    48  trapv.o(x$fpl$trapveneer)
    __I$use$fp                               0x08003ee0   Number         0  usenofp.o(x$fpl$usenofp)
    __mathlib_zero                           0x08003fb8   Data           8  qnan.o(.constdata)
    Region$$Table$$Base                      0x08003fc0   Number         0  anon$$obj.o(Region$$Table)
    Region$$Table$$Limit                     0x08003fe0   Number         0  anon$$obj.o(Region$$Table)
    themotable                               0x20000000   Data        3923  main.o(.data)
    start                                    0x20000f53   Data           1  main.o(.data)
    button_time                              0x20000f54   Data           4  main.o(.data)
    button_time2                             0x20000f58   Data           4  main.o(.data)
    button_time3                             0x20000f5c   Data           4  main.o(.data)
    delay_time                               0x20000f60   Data           4  main.o(.data)
    delay_stime                              0x20000f64   Data           4  main.o(.data)
    Sensor_Mode                              0x20000f68   Data           4  main.o(.data)
    FND_On_Off                               0x20000f6c   Data           4  main.o(.data)
    FND_On                                   0x20000f70   Data           4  main.o(.data)
    FND_array                                0x20000f74   Data          28  main.o(.data)
    testtest                                 0x20000f90   Data           4  main.o(.data)
    pointer                                  0x20000f94   Data           4  main.o(.data)
    setstring                                0x20000f98   Data           4  main.o(.data)
    __stdout                                 0x20000f9c   Data           4  main.o(.data)
    __stdin                                  0x20000fa0   Data           4  main.o(.data)
    Break                                    0x20000fa4   Data           1  interrupt.o(.data)
    z                                        0x20000fa5   Data           1  interrupt.o(.data)
    PrescalerValue                           0x20000fa6   Data           2  setting.o(.data)
    b_key                                    0x20000fa8   Data           1  button.o(.data)
    PU                                       0x20000fa9   Data           1  button.o(.data)
    Midle_PU                                 0x20000faa   Data           1  button.o(.data)
    bAction                                  0x20000fab   Data           1  button.o(.data)
    Midle_button                             0x20000fac   Data           1  button.o(.data)
    button                                   0x20000fb0   Data           4  button.o(.data)
    Sensor_Mode_select                       0x20000fb4   Data           4  button.o(.data)
    longButton                               0x20000fb8   Data           1  button.o(.data)
    i                                        0x20000fc0   Data           8  button.o(.data)
    tone4                                    0x20000fc8   Data          16  melody.o(.data)
    time4                                    0x20000fd8   Data          20  melody.o(.data)
    tone5                                    0x20000fec   Data          16  melody.o(.data)
    time5                                    0x20000ffc   Data          20  melody.o(.data)
    RotateMelodyTone                         0x20001010   Data          16  melody.o(.data)
    tone7                                    0x20001020   Data          32  melody.o(.data)
    time7                                    0x20001040   Data          38  melody.o(.data)
    HooJinMelodyTone                         0x20001066   Data          40  melody.o(.data)
    tone9                                    0x2000108e   Data          16  melody.o(.data)
    time9                                    0x2000109e   Data          20  melody.o(.data)
    ParingMelodyTone                         0x200010b2   Data           8  melody.o(.data)
    ParingMelodyTime                         0x200010ba   Data           8  melody.o(.data)
    BTConnectMelodyTone                      0x200010c2   Data           8  melody.o(.data)
    BTConnectMelodyTime                      0x200010ca   Data           8  melody.o(.data)
    BTDisconnectMelodyTone                   0x200010d2   Data           8  melody.o(.data)
    BTDisconnectMelodyTime                   0x200010da   Data           8  melody.o(.data)
    BlockDetectMelodyTone                    0x200010e2   Data           4  melody.o(.data)
    BlockDetectMelodyTime                    0x200010e6   Data           4  melody.o(.data)
    BlockHoojinMelodyTone                    0x200010ea   Data           4  melody.o(.data)
    BlockHoojinMelodyTime                    0x200010ee   Data           4  melody.o(.data)
    BlockParallelMelodyTone                  0x200010f2   Data           4  melody.o(.data)
    BlockParallelMelodyTime                  0x200010f6   Data           4  melody.o(.data)
    ButtonMelodyTone                         0x200010fa   Data           4  melody.o(.data)
    ButtonMelodyTime                         0x200010fe   Data           4  melody.o(.data)
    ErrorMelodyTone                          0x20001102   Data           4  melody.o(.data)
    ErrorMelodyTime                          0x20001106   Data           4  melody.o(.data)
    SuccessMelodyTone                        0x2000110a   Data          16  melody.o(.data)
    SuccessMelodyTime                        0x2000111a   Data          16  melody.o(.data)
    Success2MelodyTone                       0x2000112a   Data           6  melody.o(.data)
    Success2MelodyTime                       0x20001130   Data           6  melody.o(.data)
    StartMelodyTone                          0x20001136   Data          16  melody.o(.data)
    StartMelodyTime                          0x20001146   Data          16  melody.o(.data)
    MelodyOn                                 0x20001156   Data           1  melody.o(.data)
    MELODY                                   0x20001158   Data           4  melody.o(.data)
    MelodyTimer                              0x2000115c   Data           4  melody.o(.data)
    MelodyPointer                            0x20001160   Data           4  melody.o(.data)
    MelodyToneArray                          0x20001164   Data          60  melody.o(.data)
    MelodyTimeArray                          0x200011a0   Data          60  melody.o(.data)
    SystemCoreClock                          0x200011f0   Data           4  system_stm32f10x.o(.data)
    AHBPrescTable                            0x200011f4   Data          16  system_stm32f10x.o(.data)
    string                                   0x20001204   Data         100  main.o(.bss)
    a                                        0x20001268   Data          20  main.o(.bss)
    ADCConvertedValue                        0x2000127c   Data          14  setting.o(.bss)
    TIM_TimeBaseStructure                    0x2000128a   Data          10  setting.o(.bss)
    TIM_OCInitStructure                      0x20001294   Data          16  setting.o(.bss)
    TIM_TimeBaseStructure3                   0x200012a4   Data          10  setting.o(.bss)
    TIM_OCInitStructure3                     0x200012ae   Data          16  setting.o(.bss)
    TIM_TimeBaseStructure2                   0x200012be   Data          10  setting.o(.bss)
    TIM_OCInitStructure2                     0x200012c8   Data          16  setting.o(.bss)
    RotateMelodyTime                         0x200012d8   Data          16  melody.o(.bss)
    HooJinMelodyTime                         0x200012e8   Data          40  melody.o(.bss)
    m                                        0x20001310   Data          12  melody.o(.bss)
    __libspace_start                         0x2000131c   Data          96  libspace.o(.bss)
    __temporary_stack_top$libspace           0x2000137c   Data           0  libspace.o(.bss)



==============================================================================

Memory Map of the image

  Image Entry point : 0x080000ed

  Load Region LR_IROM1 (Base: 0x08000000, Size: 0x000051e4, Max: 0x00020000, ABSOLUTE, COMPRESSED[0x00004318])

    Execution Region ER_IROM1 (Base: 0x08000000, Size: 0x00003fe0, Max: 0x00020000, ABSOLUTE)

    Base Addr    Size         Type   Attr      Idx    E Section Name        Object

    0x08000000   0x000000ec   Data   RO         1942    RESET               startup_stm32f10x_md.o
    0x080000ec   0x00000008   Code   RO         2032  * !!!main             c_w.l(__main.o)
    0x080000f4   0x00000034   Code   RO         2303    !!!scatter          c_w.l(__scatter.o)
    0x08000128   0x00000064   Code   RO         2301    !!dclz77c           c_w.l(__dclz77c.o)
    0x0800018c   0x0000001c   Code   RO         2305    !!handler_zi        c_w.l(__scatter_zi.o)
    0x080001a8   0x00000000   Code   RO         2029    .ARM.Collect$$_printf_percent$$00000000  c_w.l(_printf_percent.o)
    0x080001a8   0x00000006   Code   RO         2028    .ARM.Collect$$_printf_percent$$00000009  c_w.l(_printf_d.o)
    0x080001ae   0x00000006   Code   RO         2027    .ARM.Collect$$_printf_percent$$00000014  c_w.l(_printf_s.o)
    0x080001b4   0x00000004   Code   RO         2083    .ARM.Collect$$_printf_percent$$00000017  c_w.l(_printf_percent_end.o)
    0x080001b8   0x00000002   Code   RO         2174    .ARM.Collect$$libinit$$00000000  c_w.l(libinit.o)
    0x080001ba   0x00000000   Code   RO         2182    .ARM.Collect$$libinit$$00000002  c_w.l(libinit2.o)
    0x080001ba   0x00000000   Code   RO         2184    .ARM.Collect$$libinit$$00000004  c_w.l(libinit2.o)
    0x080001ba   0x00000000   Code   RO         2187    .ARM.Collect$$libinit$$0000000A  c_w.l(libinit2.o)
    0x080001ba   0x00000000   Code   RO         2189    .ARM.Collect$$libinit$$0000000C  c_w.l(libinit2.o)
    0x080001ba   0x00000000   Code   RO         2191    .ARM.Collect$$libinit$$0000000E  c_w.l(libinit2.o)
    0x080001ba   0x00000000   Code   RO         2194    .ARM.Collect$$libinit$$00000011  c_w.l(libinit2.o)
    0x080001ba   0x00000000   Code   RO         2196    .ARM.Collect$$libinit$$00000013  c_w.l(libinit2.o)
    0x080001ba   0x00000000   Code   RO         2198    .ARM.Collect$$libinit$$00000015  c_w.l(libinit2.o)
    0x080001ba   0x00000000   Code   RO         2200    .ARM.Collect$$libinit$$00000017  c_w.l(libinit2.o)
    0x080001ba   0x00000000   Code   RO         2202    .ARM.Collect$$libinit$$00000019  c_w.l(libinit2.o)
    0x080001ba   0x00000000   Code   RO         2204    .ARM.Collect$$libinit$$0000001B  c_w.l(libinit2.o)
    0x080001ba   0x00000000   Code   RO         2206    .ARM.Collect$$libinit$$0000001D  c_w.l(libinit2.o)
    0x080001ba   0x00000000   Code   RO         2208    .ARM.Collect$$libinit$$0000001F  c_w.l(libinit2.o)
    0x080001ba   0x00000000   Code   RO         2210    .ARM.Collect$$libinit$$00000021  c_w.l(libinit2.o)
    0x080001ba   0x00000000   Code   RO         2212    .ARM.Collect$$libinit$$00000023  c_w.l(libinit2.o)
    0x080001ba   0x00000000   Code   RO         2214    .ARM.Collect$$libinit$$00000025  c_w.l(libinit2.o)
    0x080001ba   0x00000000   Code   RO         2218    .ARM.Collect$$libinit$$0000002C  c_w.l(libinit2.o)
    0x080001ba   0x00000000   Code   RO         2220    .ARM.Collect$$libinit$$0000002E  c_w.l(libinit2.o)
    0x080001ba   0x00000000   Code   RO         2222    .ARM.Collect$$libinit$$00000030  c_w.l(libinit2.o)
    0x080001ba   0x00000000   Code   RO         2224    .ARM.Collect$$libinit$$00000032  c_w.l(libinit2.o)
    0x080001ba   0x00000002   Code   RO         2225    .ARM.Collect$$libinit$$00000033  c_w.l(libinit2.o)
    0x080001bc   0x00000002   Code   RO         2245    .ARM.Collect$$libshutdown$$00000000  c_w.l(libshutdown.o)
    0x080001be   0x00000000   Code   RO         2255    .ARM.Collect$$libshutdown$$00000002  c_w.l(libshutdown2.o)
    0x080001be   0x00000000   Code   RO         2257    .ARM.Collect$$libshutdown$$00000004  c_w.l(libshutdown2.o)
    0x080001be   0x00000000   Code   RO         2260    .ARM.Collect$$libshutdown$$00000007  c_w.l(libshutdown2.o)
    0x080001be   0x00000000   Code   RO         2263    .ARM.Collect$$libshutdown$$0000000A  c_w.l(libshutdown2.o)
    0x080001be   0x00000000   Code   RO         2265    .ARM.Collect$$libshutdown$$0000000C  c_w.l(libshutdown2.o)
    0x080001be   0x00000000   Code   RO         2268    .ARM.Collect$$libshutdown$$0000000F  c_w.l(libshutdown2.o)
    0x080001be   0x00000002   Code   RO         2269    .ARM.Collect$$libshutdown$$00000010  c_w.l(libshutdown2.o)
    0x080001c0   0x00000000   Code   RO         2074    .ARM.Collect$$rtentry$$00000000  c_w.l(__rtentry.o)
    0x080001c0   0x00000000   Code   RO         2131    .ARM.Collect$$rtentry$$00000002  c_w.l(__rtentry2.o)
    0x080001c0   0x00000006   Code   RO         2143    .ARM.Collect$$rtentry$$00000004  c_w.l(__rtentry4.o)
    0x080001c6   0x00000000   Code   RO         2133    .ARM.Collect$$rtentry$$00000009  c_w.l(__rtentry2.o)
    0x080001c6   0x00000004   Code   RO         2134    .ARM.Collect$$rtentry$$0000000A  c_w.l(__rtentry2.o)
    0x080001ca   0x00000000   Code   RO         2136    .ARM.Collect$$rtentry$$0000000C  c_w.l(__rtentry2.o)
    0x080001ca   0x00000008   Code   RO         2137    .ARM.Collect$$rtentry$$0000000D  c_w.l(__rtentry2.o)
    0x080001d2   0x00000002   Code   RO         2179    .ARM.Collect$$rtexit$$00000000  c_w.l(rtexit.o)
    0x080001d4   0x00000000   Code   RO         2229    .ARM.Collect$$rtexit$$00000002  c_w.l(rtexit2.o)
    0x080001d4   0x00000004   Code   RO         2230    .ARM.Collect$$rtexit$$00000003  c_w.l(rtexit2.o)
    0x080001d8   0x00000006   Code   RO         2231    .ARM.Collect$$rtexit$$00000004  c_w.l(rtexit2.o)
    0x080001de   0x00000002   PAD
    0x080001e0   0x00000040   Code   RO         1943    .text               startup_stm32f10x_md.o
    0x08000220   0x00000002   Code   RO         1995    .text               c_w.l(use_no_semi.o)
    0x08000222   0x00000002   PAD
    0x08000224   0x00000018   Code   RO         1999    .text               c_w.l(noretval__2printf.o)
    0x0800023c   0x00000068   Code   RO         2001    .text               c_w.l(__printf.o)
    0x080002a4   0x00000052   Code   RO         2003    .text               c_w.l(_printf_str.o)
    0x080002f6   0x00000002   PAD
    0x080002f8   0x00000078   Code   RO         2005    .text               c_w.l(_printf_dec.o)
    0x08000370   0x00000006   Code   RO         2030    .text               c_w.l(heapauxi.o)
    0x08000376   0x00000016   Code   RO         2075    .text               c_w.l(_rserrno.o)
    0x0800038c   0x000000b2   Code   RO         2077    .text               c_w.l(_printf_intcommon.o)
    0x0800043e   0x0000002c   Code   RO         2079    .text               c_w.l(_printf_char.o)
    0x0800046a   0x00000002   PAD
    0x0800046c   0x00000024   Code   RO         2081    .text               c_w.l(_printf_char_file.o)
    0x08000490   0x00000008   Code   RO         2148    .text               c_w.l(rt_errno_addr_intlibspace.o)
    0x08000498   0x00000030   Code   RO         2150    .text               c_w.l(_printf_char_common.o)
    0x080004c8   0x00000008   Code   RO         2160    .text               c_w.l(libspace.o)
    0x080004d0   0x0000004a   Code   RO         2163    .text               c_w.l(sys_stackheap_outer.o)
    0x0800051a   0x00000012   Code   RO         2167    .text               c_w.l(exit.o)
    0x0800052c   0x000000b0   Code   RO          250    i.ADC1_Configuration  setting.o
    0x080005dc   0x00000016   Code   RO          475    i.ADC_Cmd           stm32f10x_adc.o
    0x080005f2   0x00000016   Code   RO          476    i.ADC_DMACmd        stm32f10x_adc.o
    0x08000608   0x00000014   Code   RO          483    i.ADC_GetCalibrationStatus  stm32f10x_adc.o
    0x0800061c   0x00000014   Code   RO          489    i.ADC_GetResetCalibrationStatus  stm32f10x_adc.o
    0x08000630   0x00000050   Code   RO          493    i.ADC_Init          stm32f10x_adc.o
    0x08000680   0x000000b8   Code   RO          497    i.ADC_RegularChannelConfig  stm32f10x_adc.o
    0x08000738   0x0000000a   Code   RO          498    i.ADC_ResetCalibration  stm32f10x_adc.o
    0x08000742   0x00000016   Code   RO          500    i.ADC_SoftwareStartConvCmd  stm32f10x_adc.o
    0x08000758   0x0000000a   Code   RO          502    i.ADC_StartCalibration  stm32f10x_adc.o
    0x08000762   0x00000002   PAD
    0x08000764   0x00000038   Code   RO          251    i.BUZZER_Configuration  setting.o
    0x0800079c   0x000002d0   Code   RO          335    i.Button_Action     button.o
    0x08000a6c   0x00000064   Code   RO          252    i.Button_init       setting.o
    0x08000ad0   0x00000040   Code   RO          374    i.Buzzer_sound      melody.o
    0x08000b10   0x00000018   Code   RO          705    i.DMA_Cmd           stm32f10x_dma.o
    0x08000b28   0x00000060   Code   RO          253    i.DMA_Configuration  setting.o
    0x08000b88   0x0000014c   Code   RO          706    i.DMA_DeInit        stm32f10x_dma.o
    0x08000cd4   0x0000003c   Code   RO          711    i.DMA_Init          stm32f10x_dma.o
    0x08000d10   0x00000060   Code   RO          199    i.EXTI15_10_IRQHandler  interrupt.o
    0x08000d70   0x0000000c   Code   RO          788    i.EXTI_ClearITPendingBit  stm32f10x_exti.o
    0x08000d7c   0x00000028   Code   RO          792    i.EXTI_GetITStatus  stm32f10x_exti.o
    0x08000da4   0x00000094   Code   RO          793    i.EXTI_Init         stm32f10x_exti.o
    0x08000e38   0x00000034   Code   RO          254    i.FND_Configuration  setting.o
    0x08000e6c   0x00000040   Code   RO          856    i.GPIO_EXTILineConfig  stm32f10x_gpio.o
    0x08000eac   0x00000116   Code   RO          859    i.GPIO_Init         stm32f10x_gpio.o
    0x08000fc2   0x00000002   PAD
    0x08000fc4   0x00000090   Code   RO          861    i.GPIO_PinRemapConfig  stm32f10x_gpio.o
    0x08001054   0x00000012   Code   RO          863    i.GPIO_ReadInputDataBit  stm32f10x_gpio.o
    0x08001066   0x00000004   Code   RO          866    i.GPIO_ResetBits    stm32f10x_gpio.o
    0x0800106a   0x00000004   Code   RO          867    i.GPIO_SetBits      stm32f10x_gpio.o
    0x0800106e   0x00000002   PAD
    0x08001070   0x00000034   Code   RO          255    i.Heater_Conf       setting.o
    0x080010a4   0x00000044   Code   RO          375    i.MelodyOff         melody.o
    0x080010e8   0x00000104   Code   RO          376    i.MelodyStart       melody.o
    0x080011ec   0x00000070   Code   RO          421    i.NVIC_Init         misc.o
    0x0800125c   0x00000014   Code   RO          422    i.NVIC_PriorityGroupConfig  misc.o
    0x08001270   0x00000064   Code   RO          256    i.NVIC_init         setting.o
    0x080012d4   0x00000018   Code   RO          979    i.RCC_ADCCLKConfig  stm32f10x_rcc.o
    0x080012ec   0x00000020   Code   RO          980    i.RCC_AHBPeriphClockCmd  stm32f10x_rcc.o
    0x0800130c   0x00000020   Code   RO          981    i.RCC_APB1PeriphClockCmd  stm32f10x_rcc.o
    0x0800132c   0x00000020   Code   RO          983    i.RCC_APB2PeriphClockCmd  stm32f10x_rcc.o
    0x0800134c   0x000000dc   Code   RO          991    i.RCC_GetClocksFreq  stm32f10x_rcc.o
    0x08001428   0x00000018   Code   RO         1008    i.RCC_SYSCLKConfig  stm32f10x_rcc.o
    0x08001440   0x00000008   Code   RO         1950    i.SetSysClock       system_stm32f10x.o
    0x08001448   0x000000e0   Code   RO         1951    i.SetSysClockTo72   system_stm32f10x.o
    0x08001528   0x00000028   Code   RO          257    i.Setting           setting.o
    0x08001550   0x00000028   Code   RO          425    i.SysTick_CLKSourceConfig  misc.o
    0x08001578   0x00000048   Code   RO          200    i.SysTick_Handler   interrupt.o
    0x080015c0   0x00000060   Code   RO         1953    i.SystemInit        system_stm32f10x.o
    0x08001620   0x0000009c   Code   RO          201    i.TIM2_IRQHandler   interrupt.o
    0x080016bc   0x00000160   Code   RO          258    i.TIMER_Configuration  setting.o
    0x0800181c   0x00000018   Code   RO         1195    i.TIM_ARRPreloadConfig  stm32f10x_tim.o
    0x08001834   0x00000006   Code   RO         1201    i.TIM_ClearFlag     stm32f10x_tim.o
    0x0800183a   0x00000006   Code   RO         1202    i.TIM_ClearITPendingBit  stm32f10x_tim.o
    0x08001840   0x00000018   Code   RO         1207    i.TIM_Cmd           stm32f10x_tim.o
    0x08001858   0x00000022   Code   RO         1228    i.TIM_GetITStatus   stm32f10x_tim.o
    0x0800187a   0x00000012   Code   RO         1232    i.TIM_ITConfig      stm32f10x_tim.o
    0x0800188c   0x00000098   Code   RO         1236    i.TIM_OC1Init       stm32f10x_tim.o
    0x08001924   0x00000012   Code   RO         1239    i.TIM_OC1PreloadConfig  stm32f10x_tim.o
    0x08001936   0x00000002   PAD
    0x08001938   0x000000a0   Code   RO         1246    i.TIM_OC3Init       stm32f10x_tim.o
    0x080019d8   0x00000012   Code   RO         1249    i.TIM_OC3PreloadConfig  stm32f10x_tim.o
    0x080019ea   0x00000002   PAD
    0x080019ec   0x0000007c   Code   RO         1251    i.TIM_OC4Init       stm32f10x_tim.o
    0x08001a68   0x0000001a   Code   RO         1253    i.TIM_OC4PreloadConfig  stm32f10x_tim.o
    0x08001a82   0x00000004   Code   RO         1272    i.TIM_SetCounter    stm32f10x_tim.o
    0x08001a86   0x00000002   PAD
    0x08001a88   0x000000a4   Code   RO         1278    i.TIM_TimeBaseInit  stm32f10x_tim.o
    0x08001b2c   0x00000018   Code   RO         1755    i.USART_Cmd         stm32f10x_usart.o
    0x08001b44   0x0000001a   Code   RO         1758    i.USART_GetFlagStatus  stm32f10x_usart.o
    0x08001b5e   0x00000002   PAD
    0x08001b60   0x000000d8   Code   RO         1762    i.USART_Init        stm32f10x_usart.o
    0x08001c38   0x00000008   Code   RO         1772    i.USART_SendData    stm32f10x_usart.o
    0x08001c40   0x00000080   Code   RO          259    i.UsartInit         setting.o
    0x08001cc0   0x00000028   Code   RO         2107    i.__ARM_fpclassify  m_ws.l(fpclassify.o)
    0x08001ce8   0x000000aa   Code   RO         2119    i.__kernel_poly     m_ws.l(poly.o)
    0x08001d92   0x00000002   PAD
    0x08001d94   0x00000010   Code   RO         2093    i.__mathlib_dbl_divzero  m_ws.l(dunder.o)
    0x08001da4   0x00000006   Code   RO         2094    i.__mathlib_dbl_infnan  m_ws.l(dunder.o)
    0x08001daa   0x00000004   Code   RO         2095    i.__mathlib_dbl_infnan2  m_ws.l(dunder.o)
    0x08001dae   0x0000000c   Code   RO         2096    i.__mathlib_dbl_invalid  m_ws.l(dunder.o)
    0x08001dba   0x0000000e   Code   RO         2097    i.__mathlib_dbl_overflow  m_ws.l(dunder.o)
    0x08001dc8   0x00000010   Code   RO         2099    i.__mathlib_dbl_underflow  m_ws.l(dunder.o)
    0x08001dd8   0x00000004   Code   RO          113    i._sys_exit         main.o
    0x08001ddc   0x0000001a   Code   RO            4    i.delay_ms          delay.o
    0x08001df6   0x00000002   PAD
    0x08001df8   0x00000024   Code   RO            5    i.delay_s           delay.o
    0x08001e1c   0x0000009e   Code   RO            6    i.delay_us          delay.o
    0x08001eba   0x00000008   Code   RO          115    i.ferror            main.o
    0x08001ec2   0x00000002   PAD
    0x08001ec4   0x00000024   Code   RO          117    i.fputc             main.o
    0x08001ee8   0x0000035c   Code   RO         2110    i.log               m_ws.l(log.o)
    0x08002244   0x000000e4   Code   RO         2057    i.log10             m_ws.l(log10.o)
    0x08002328   0x000004bc   Code   RO          118    i.main              main.o
    0x080027e4   0x000009d8   Code   RO         2065    i.pow               m_ws.l(pow.o)
    0x080031bc   0x0000004c   Code   RO         2123    i.sqrt              m_ws.l(sqrt.o)
    0x08003208   0x00000150   Code   RO         2034    x$fpl$dadd          fz_ws.l(daddsub_clz.o)
    0x08003358   0x00000010   Code   RO         2152    x$fpl$dcheck1       fz_ws.l(dcheck1.o)
    0x08003368   0x00000018   Code   RO         2175    x$fpl$dcmpinf       fz_ws.l(dcmpi.o)
    0x08003380   0x000002b0   Code   RO         2041    x$fpl$ddiv          fz_ws.l(ddiv.o)
    0x08003630   0x00000078   Code   RO         2154    x$fpl$deqf          fz_ws.l(deqf.o)
    0x080036a8   0x0000005a   Code   RO         2044    x$fpl$dfixu         fz_ws.l(dfixu.o)
    0x08003702   0x0000002e   Code   RO         2049    x$fpl$dflt          fz_ws.l(dflt_clz.o)
    0x08003730   0x00000026   Code   RO         2048    x$fpl$dfltu         fz_ws.l(dflt_clz.o)
    0x08003756   0x00000002   PAD
    0x08003758   0x00000078   Code   RO         2156    x$fpl$dleqf         fz_ws.l(dleqf.o)
    0x080037d0   0x00000154   Code   RO         2054    x$fpl$dmul          fz_ws.l(dmul.o)
    0x08003924   0x0000009c   Code   RO         2084    x$fpl$dnaninf       fz_ws.l(dnaninf.o)
    0x080039c0   0x0000000c   Code   RO         2086    x$fpl$dretinf       fz_ws.l(dretinf.o)
    0x080039cc   0x0000006c   Code   RO         2088    x$fpl$drleqf        fz_ws.l(drleqf.o)
    0x08003a38   0x00000016   Code   RO         2035    x$fpl$drsb          fz_ws.l(daddsub_clz.o)
    0x08003a4e   0x00000002   PAD
    0x08003a50   0x000001cc   Code   RO         2158    x$fpl$dsqrt         fz_ws.l(dsqrt_noumaal.o)
    0x08003c1c   0x000001d4   Code   RO         2036    x$fpl$dsub          fz_ws.l(daddsub_clz.o)
    0x08003df0   0x00000064   Code   RO         2177    x$fpl$retnan        fz_ws.l(retnan.o)
    0x08003e54   0x0000005c   Code   RO         2090    x$fpl$scalbn        fz_ws.l(scalbn.o)
    0x08003eb0   0x00000030   Code   RO         2226    x$fpl$trapveneer    fz_ws.l(trapv.o)
    0x08003ee0   0x00000000   Code   RO         2092    x$fpl$usenofp       fz_ws.l(usenofp.o)
    0x08003ee0   0x00000005   Data   RO          120    .constdata          main.o
    0x08003ee5   0x0000000e   Data   RO          336    .constdata          button.o
    0x08003ef3   0x00000005   PAD
    0x08003ef8   0x00000088   Data   RO         2066    .constdata          m_ws.l(pow.o)
    0x08003f80   0x00000038   Data   RO         2111    .constdata          m_ws.l(log.o)
    0x08003fb8   0x00000008   Data   RO         2121    .constdata          m_ws.l(qnan.o)
    0x08003fc0   0x00000020   Data   RO         2299    Region$$Table       anon$$obj.o


    Execution Region RW_IRAM1 (Base: 0x20000000, Size: 0x00001980, Max: 0x00005000, ABSOLUTE, COMPRESSED[0x00000338])

    Base Addr    Size         Type   Attr      Idx    E Section Name        Object

    0x20000000   0x00000fa4   Data   RW          121    .data               main.o
    0x20000fa4   0x00000002   Data   RW          202    .data               interrupt.o
    0x20000fa6   0x00000002   Data   RW          261    .data               setting.o
    0x20000fa8   0x00000020   Data   RW          337    .data               button.o
    0x20000fc8   0x00000214   Data   RW          378    .data               melody.o
    0x200011dc   0x00000014   Data   RW         1011    .data               stm32f10x_rcc.o
    0x200011f0   0x00000014   Data   RW         1954    .data               system_stm32f10x.o
    0x20001204   0x00000078   Zero   RW          119    .bss                main.o
    0x2000127c   0x0000005c   Zero   RW          260    .bss                setting.o
    0x200012d8   0x00000044   Zero   RW          377    .bss                melody.o
    0x2000131c   0x00000060   Zero   RW         2161    .bss                c_w.l(libspace.o)
    0x2000137c   0x00000004   PAD
    0x20001380   0x00000200   Zero   RW         1941    HEAP                startup_stm32f10x_md.o
    0x20001580   0x00000400   Zero   RW         1940    STACK               startup_stm32f10x_md.o


==============================================================================

Image component sizes


      Code (inc. data)   RO Data    RW Data    ZI Data      Debug   Object Name

       720        194         14         32          0       3612   button.o
       220          8          0          0          0     276902   delay.o
       324         62          0          2          0       3653   interrupt.o
      1260        192          5       4004        120      30005   main.o
       392        118          0        532         68       7397   melody.o
       172         22          0          0          0       2237   misc.o
      1152        112          0          2         92       7265   setting.o
        64         26        236          0       1536        860   startup_stm32f10x_md.o
       390         10          0          0          0       7785   stm32f10x_adc.o
       416          8          0          0          0       3602   stm32f10x_dma.o
       200         18          0          0          0       2288   stm32f10x_exti.o
       512         10          0          0          0       5396   stm32f10x_gpio.o
       364         58          0         20          0       6380   stm32f10x_rcc.o
       778         82          0          0          0       9641   stm32f10x_tim.o
       274          6          0          0          0       4228   stm32f10x_usart.o
       328         28          0         20          0       2645   system_stm32f10x.o

    ----------------------------------------------------------------------
      7584        954        292       4612       1816     373896   Object Totals
         0          0         32          0          0          0   (incl. Generated)
        18          0          5          0          0          0   (incl. Padding)

    ----------------------------------------------------------------------

      Code (inc. data)   RO Data    RW Data    ZI Data      Debug   Library Member Name

       100          0          0          0          0          0   __dclz77c.o
         8          0          0          0          0         68   __main.o
       104          0          0          0          0         84   __printf.o
         0          0          0          0          0          0   __rtentry.o
        12          0          0          0          0          0   __rtentry2.o
         6          0          0          0          0          0   __rtentry4.o
        52          8          0          0          0          0   __scatter.o
        28          0          0          0          0          0   __scatter_zi.o
        44          0          0          0          0        108   _printf_char.o
        48          6          0          0          0         96   _printf_char_common.o
        36          4          0          0          0         80   _printf_char_file.o
         6          0          0          0          0          0   _printf_d.o
       120         16          0          0          0         92   _printf_dec.o
       178          0          0          0          0         88   _printf_intcommon.o
         0          0          0          0          0          0   _printf_percent.o
         4          0          0          0          0          0   _printf_percent_end.o
         6          0          0          0          0          0   _printf_s.o
        82          0          0          0          0         80   _printf_str.o
        22          0          0          0          0        100   _rserrno.o
        18          0          0          0          0         80   exit.o
         6          0          0          0          0        152   heapauxi.o
         2          0          0          0          0          0   libinit.o
         2          0          0          0          0          0   libinit2.o
         2          0          0          0          0          0   libshutdown.o
         2          0          0          0          0          0   libshutdown2.o
         8          4          0          0         96         68   libspace.o
        24          4          0          0          0         84   noretval__2printf.o
         8          4          0          0          0         68   rt_errno_addr_intlibspace.o
         2          0          0          0          0          0   rtexit.o
        10          0          0          0          0          0   rtexit2.o
        74          0          0          0          0         80   sys_stackheap_outer.o
         2          0          0          0          0         68   use_no_semi.o
       826         16          0          0          0        348   daddsub_clz.o
        16          4          0          0          0         68   dcheck1.o
        24          0          0          0          0         68   dcmpi.o
       688        140          0          0          0        208   ddiv.o
       120          4          0          0          0         92   deqf.o
        90          4          0          0          0         92   dfixu.o
        84          0          0          0          0        136   dflt_clz.o
       120          4          0          0          0         92   dleqf.o
       340         12          0          0          0        104   dmul.o
       156          4          0          0          0         92   dnaninf.o
        12          0          0          0          0         68   dretinf.o
       108          0          0          0          0         80   drleqf.o
       460         56          0          0          0        120   dsqrt_noumaal.o
       100          0          0          0          0         68   retnan.o
        92          0          0          0          0         68   scalbn.o
        48          0          0          0          0         68   trapv.o
         0          0          0          0          0          0   usenofp.o
        68         10          0          0          0        408   dunder.o
        40          0          0          0          0         68   fpclassify.o
       860         52         56          0          0        256   log.o
       228         30          0          0          0        120   log10.o
       170          0          0          0          0         96   poly.o
      2520        190        136          0          0        324   pow.o
         0          0          8          0          0          0   qnan.o
        76          0          0          0          0         84   sqrt.o

    ----------------------------------------------------------------------
      8276        572        200          0        100       4524   Library Totals
        14          0          0          0          4          0   (incl. Padding)

    ----------------------------------------------------------------------

      Code (inc. data)   RO Data    RW Data    ZI Data      Debug   Library Name

      1016         46          0          0         96       1396   c_w.l
      3284        244          0          0          0       1772   fz_ws.l
      3962        282        200          0          0       1356   m_ws.l

    ----------------------------------------------------------------------
      8276        572        200          0        100       4524   Library Totals

    ----------------------------------------------------------------------

==============================================================================


      Code (inc. data)   RO Data    RW Data    ZI Data      Debug   

     15860       1526        492       4612       1916     372488   Grand Totals
     15860       1526        492        824       1916     372488   ELF Image Totals (compressed)
     15860       1526        492        824          0          0   ROM Totals

==============================================================================

    Total RO  Size (Code + RO Data)                16352 (  15.97kB)
    Total RW  Size (RW Data + ZI Data)              6528 (   6.38kB)
    Total ROM Size (Code + RO Data + RW Data)      17176 (  16.77kB)

==============================================================================

